../Core/Src/stm32l4xx_hal_msp.c:62:6:HAL_MspInit	8	static
../Core/Src/stm32l4xx_hal_msp.c:85:6:HAL_ADC_MspInit	176	static
../Core/Src/stm32l4xx_hal_msp.c:138:6:HAL_ADC_MspDeInit	0	static
../Core/Src/stm32l4xx_hal_msp.c:167:6:HAL_DAC_MspInit	40	static
../Core/Src/stm32l4xx_hal_msp.c:201:6:HAL_DAC_MspDeInit	0	static
../Core/Src/stm32l4xx_hal_msp.c:229:6:HAL_TIM_Base_MspInit	16	static
../Core/Src/stm32l4xx_hal_msp.c:255:6:HAL_TIM_Base_MspDeInit	0	static
../Core/Src/stm32l4xx_hal_msp.c:280:6:HAL_UART_MspInit	176	static
../Core/Src/stm32l4xx_hal_msp.c:328:6:HAL_UART_MspDeInit	0	static
