../Middleware/eFMIpss/models/PCode_SPE/src/block.c:44:16:ESP_cmp_lt	32	static
../Middleware/eFMIpss/models/PCode_SPE/src/block.c:60:13:Recalibrate	16	static
../Middleware/eFMIpss/models/PCode_SPE/src/block.c:143:16:ESP_cmp_gt	32	static
../Middleware/eFMIpss/models/PCode_SPE/src/block.c:159:13:Reinitialize	48	static
../Middleware/eFMIpss/models/PCode_SPE/src/block.c:271:13:Startup	16	static
../Middleware/eFMIpss/models/PCode_SPE/src/block.c:357:13:DoStep	40	static
../Middleware/eFMIpss/models/PCode_SPE/src/block.c:422:6:Startup_H525b873079cf7a65f464c408f25344d5bd630cab_cb4a8a449b4ada864625ee5a4355578a3aaf08ed	16	static
../Middleware/eFMIpss/models/PCode_SPE/src/block.c:430:6:DoStep_H525b873079cf7a65f464c408f25344d5bd630cab_cb4a8a449b4ada864625ee5a4355578a3aaf08ed	16	static
../Middleware/eFMIpss/models/PCode_SPE/src/block.c:438:6:Recalibrate_H525b873079cf7a65f464c408f25344d5bd630cab_cb4a8a449b4ada864625ee5a4355578a3aaf08ed	16	static
../Middleware/eFMIpss/models/PCode_SPE/src/block.c:447:6:Reinitialize_H525b873079cf7a65f464c408f25344d5bd630cab_cb4a8a449b4ada864625ee5a4355578a3aaf08ed	16	static
