../Core/Src/stm32g4xx_hal_msp.c:63:6:HAL_MspInit	8	static
../Core/Src/stm32g4xx_hal_msp.c:90:6:HAL_ADC_MspInit	120	static
../Core/Src/stm32g4xx_hal_msp.c:135:6:HAL_ADC_MspDeInit	0	static
../Core/Src/stm32g4xx_hal_msp.c:163:6:HAL_DAC_MspInit	48	static
../Core/Src/stm32g4xx_hal_msp.c:217:6:HAL_DAC_MspDeInit	0	static
../Core/Src/stm32g4xx_hal_msp.c:262:6:HAL_UART_MspInit	120	static
../Core/Src/stm32g4xx_hal_msp.c:310:6:HAL_UART_MspDeInit	0	static
../Core/Src/stm32g4xx_hal_msp.c:339:6:HAL_TIM_Base_MspInit	16	static
../Core/Src/stm32g4xx_hal_msp.c:365:6:HAL_TIM_Base_MspDeInit	0	static
