C:/Users/Luigi/Documents/Github/efmi-pss-use-case/STM32Nucleo/IndividualPCs/Edge-Desktop/Test/Middleware/eFMI/models/PCode_SPE/inc/galec_stl.h:227:1:ESP_nan_impl	8	static
C:/Users/Luigi/Documents/Github/efmi-pss-use-case/STM32Nucleo/IndividualPCs/Edge-Desktop/Test/Middleware/eFMI/models/PCode_SPE/inc/galec_stl.h:282:1:ESP_hasNaN	24	static
C:/Users/Luigi/Documents/Github/efmi-pss-use-case/STM32Nucleo/IndividualPCs/Edge-Desktop/Test/Middleware/eFMI/models/PCode_SPE/inc/galec_stl.h:461:1:ESP_square_impl	16	static
C:/Users/Luigi/Documents/Github/efmi-pss-use-case/STM32Nucleo/IndividualPCs/Edge-Desktop/Test/Middleware/eFMI/models/PCode_SPE/inc/galec_stl.h:617:1:ESP_pivot_impl	56	static
C:/Users/Luigi/Documents/Github/efmi-pss-use-case/STM32Nucleo/IndividualPCs/Edge-Desktop/Test/Middleware/eFMI/models/PCode_SPE/inc/galec_stl.h:685:1:ESP_luFactorize	48	static
C:/Users/Luigi/Documents/Github/efmi-pss-use-case/STM32Nucleo/IndividualPCs/Edge-Desktop/Test/Middleware/eFMI/models/PCode_SPE/inc/galec_stl.h:760:1:ESP_luSolve	56	static
C:/Users/Luigi/Documents/Github/efmi-pss-use-case/STM32Nucleo/IndividualPCs/Edge-Desktop/Test/Middleware/eFMI/models/PCode_SPE/inc/galec_stl.h:824:1:ESP_solveLinearEquations	56	static
../Middleware/eFMI/models/PCode_SPE/src/block.c:45:13:Recalibrate	24	static
../Middleware/eFMI/models/PCode_SPE/src/block.c:183:16:ESP_cmp_eq	32	static
../Middleware/eFMI/models/PCode_SPE/src/block.c:199:13:Reinitialize	272	static
../Middleware/eFMI/models/PCode_SPE/src/block.c:618:13:Startup	16	static
../Middleware/eFMI/models/PCode_SPE/src/block.c:795:16:ESP_cmp_gt	32	static
../Middleware/eFMI/models/PCode_SPE/src/block.c:811:16:ESP_cmp_lt	32	static
../Middleware/eFMI/models/PCode_SPE/src/block.c:827:13:DoStep	352	static
../Middleware/eFMI/models/PCode_SPE/src/block.c:1325:6:Startup_H283cd02180511b024b59731032fd3290f8675b29_cb4a8a449b4ada864625ee5a4355578a3aaf08ed	16	static
../Middleware/eFMI/models/PCode_SPE/src/block.c:1333:6:DoStep_H283cd02180511b024b59731032fd3290f8675b29_cb4a8a449b4ada864625ee5a4355578a3aaf08ed	16	static
../Middleware/eFMI/models/PCode_SPE/src/block.c:1341:6:Recalibrate_H283cd02180511b024b59731032fd3290f8675b29_cb4a8a449b4ada864625ee5a4355578a3aaf08ed	16	static
../Middleware/eFMI/models/PCode_SPE/src/block.c:1350:6:Reinitialize_H283cd02180511b024b59731032fd3290f8675b29_cb4a8a449b4ada864625ee5a4355578a3aaf08ed	16	static
