16:58:17 **** Build of configuration Debug for project Test ****
make -j32 all 
arm-none-eabi-gcc "../Middleware/eFMI/models/PCode_SPE/src/block.c" -mcpu=cortex-m4 -std=gnu11 -g3 -DDEBUG -DUSE_HAL_DRIVER -DSTM32F303xE -c -I../Core/Inc -I"C:/Users/Luigi/Documents/Github/efmi-pss-use-case/STM32Nucleo/IndividualPCs/Edge-Desktop/Test/Middleware/eFMI/models/PCode_SPE/inc" -I../Drivers/STM32F3xx_HAL_Driver/Inc -I../Drivers/STM32F3xx_HAL_Driver/Inc/Legacy -I../Drivers/CMSIS/Device/ST/STM32F3xx/Include -I../Drivers/CMSIS/Include -O0 -ffunction-sections -fdata-sections -Wall -fstack-usage -fcyclomatic-complexity -MMD -MP -MF"Middleware/eFMI/models/PCode_SPE/src/block.d" -MT"Middleware/eFMI/models/PCode_SPE/src/block.o" --specs=nano.specs -mfpu=fpv4-sp-d16 -mfloat-abi=hard -mthumb -o "Middleware/eFMI/models/PCode_SPE/src/block.o"
arm-none-eabi-gcc "../Middleware/eFMI/models/PCode_SPE/src/mei_block_interface.c" -mcpu=cortex-m4 -std=gnu11 -g3 -DDEBUG -DUSE_HAL_DRIVER -DSTM32F303xE -c -I../Core/Inc -I"C:/Users/Luigi/Documents/Github/efmi-pss-use-case/STM32Nucleo/IndividualPCs/Edge-Desktop/Test/Middleware/eFMI/models/PCode_SPE/inc" -I../Drivers/STM32F3xx_HAL_Driver/Inc -I../Drivers/STM32F3xx_HAL_Driver/Inc/Legacy -I../Drivers/CMSIS/Device/ST/STM32F3xx/Include -I../Drivers/CMSIS/Include -O0 -ffunction-sections -fdata-sections -Wall -fstack-usage -fcyclomatic-complexity -MMD -MP -MF"Middleware/eFMI/models/PCode_SPE/src/mei_block_interface.d" -MT"Middleware/eFMI/models/PCode_SPE/src/mei_block_interface.o" --specs=nano.specs -mfpu=fpv4-sp-d16 -mfloat-abi=hard -mthumb -o "Middleware/eFMI/models/PCode_SPE/src/mei_block_interface.o"
arm-none-eabi-gcc "../Middleware/eFMI/models/PCode_SPE/src/sii_block_interface.c" -mcpu=cortex-m4 -std=gnu11 -g3 -DDEBUG -DUSE_HAL_DRIVER -DSTM32F303xE -c -I../Core/Inc -I"C:/Users/Luigi/Documents/Github/efmi-pss-use-case/STM32Nucleo/IndividualPCs/Edge-Desktop/Test/Middleware/eFMI/models/PCode_SPE/inc" -I../Drivers/STM32F3xx_HAL_Driver/Inc -I../Drivers/STM32F3xx_HAL_Driver/Inc/Legacy -I../Drivers/CMSIS/Device/ST/STM32F3xx/Include -I../Drivers/CMSIS/Include -O0 -ffunction-sections -fdata-sections -Wall -fstack-usage -fcyclomatic-complexity -MMD -MP -MF"Middleware/eFMI/models/PCode_SPE/src/sii_block_interface.d" -MT"Middleware/eFMI/models/PCode_SPE/src/sii_block_interface.o" --specs=nano.specs -mfpu=fpv4-sp-d16 -mfloat-abi=hard -mthumb -o "Middleware/eFMI/models/PCode_SPE/src/sii_block_interface.o"
arm-none-eabi-gcc "../Drivers/STM32F3xx_HAL_Driver/Src/stm32f3xx_hal.c" -mcpu=cortex-m4 -std=gnu11 -g3 -DDEBUG -DUSE_HAL_DRIVER -DSTM32F303xE -c -I../Core/Inc -I"C:/Users/Luigi/Documents/Github/efmi-pss-use-case/STM32Nucleo/IndividualPCs/Edge-Desktop/Test/Middleware/eFMI/models/PCode_SPE/inc" -I../Drivers/STM32F3xx_HAL_Driver/Inc -I../Drivers/STM32F3xx_HAL_Driver/Inc/Legacy -I../Drivers/CMSIS/Device/ST/STM32F3xx/Include -I../Drivers/CMSIS/Include -O0 -ffunction-sections -fdata-sections -Wall -fstack-usage -fcyclomatic-complexity -MMD -MP -MF"Drivers/STM32F3xx_HAL_Driver/Src/stm32f3xx_hal.d" -MT"Drivers/STM32F3xx_HAL_Driver/Src/stm32f3xx_hal.o" --specs=nano.specs -mfpu=fpv4-sp-d16 -mfloat-abi=hard -mthumb -o "Drivers/STM32F3xx_HAL_Driver/Src/stm32f3xx_hal.o"
arm-none-eabi-gcc "../Drivers/STM32F3xx_HAL_Driver/Src/stm32f3xx_hal_cortex.c" -mcpu=cortex-m4 -std=gnu11 -g3 -DDEBUG -DUSE_HAL_DRIVER -DSTM32F303xE -c -I../Core/Inc -I"C:/Users/Luigi/Documents/Github/efmi-pss-use-case/STM32Nucleo/IndividualPCs/Edge-Desktop/Test/Middleware/eFMI/models/PCode_SPE/inc" -I../Drivers/STM32F3xx_HAL_Driver/Inc -I../Drivers/STM32F3xx_HAL_Driver/Inc/Legacy -I../Drivers/CMSIS/Device/ST/STM32F3xx/Include -I../Drivers/CMSIS/Include -O0 -ffunction-sections -fdata-sections -Wall -fstack-usage -fcyclomatic-complexity -MMD -MP -MF"Drivers/STM32F3xx_HAL_Driver/Src/stm32f3xx_hal_cortex.d" -MT"Drivers/STM32F3xx_HAL_Driver/Src/stm32f3xx_hal_cortex.o" --specs=nano.specs -mfpu=fpv4-sp-d16 -mfloat-abi=hard -mthumb -o "Drivers/STM32F3xx_HAL_Driver/Src/stm32f3xx_hal_cortex.o"
arm-none-eabi-gcc "../Drivers/STM32F3xx_HAL_Driver/Src/stm32f3xx_hal_dma.c" -mcpu=cortex-m4 -std=gnu11 -g3 -DDEBUG -DUSE_HAL_DRIVER -DSTM32F303xE -c -I../Core/Inc -I"C:/Users/Luigi/Documents/Github/efmi-pss-use-case/STM32Nucleo/IndividualPCs/Edge-Desktop/Test/Middleware/eFMI/models/PCode_SPE/inc" -I../Drivers/STM32F3xx_HAL_Driver/Inc -I../Drivers/STM32F3xx_HAL_Driver/Inc/Legacy -I../Drivers/CMSIS/Device/ST/STM32F3xx/Include -I../Drivers/CMSIS/Include -O0 -ffunction-sections -fdata-sections -Wall -fstack-usage -fcyclomatic-complexity -MMD -MP -MF"Drivers/STM32F3xx_HAL_Driver/Src/stm32f3xx_hal_dma.d" -MT"Drivers/STM32F3xx_HAL_Driver/Src/stm32f3xx_hal_dma.o" --specs=nano.specs -mfpu=fpv4-sp-d16 -mfloat-abi=hard -mthumb -o "Drivers/STM32F3xx_HAL_Driver/Src/stm32f3xx_hal_dma.o"
arm-none-eabi-gcc "../Drivers/STM32F3xx_HAL_Driver/Src/stm32f3xx_hal_exti.c" -mcpu=cortex-m4 -std=gnu11 -g3 -DDEBUG -DUSE_HAL_DRIVER -DSTM32F303xE -c -I../Core/Inc -I"C:/Users/Luigi/Documents/Github/efmi-pss-use-case/STM32Nucleo/IndividualPCs/Edge-Desktop/Test/Middleware/eFMI/models/PCode_SPE/inc" -I../Drivers/STM32F3xx_HAL_Driver/Inc -I../Drivers/STM32F3xx_HAL_Driver/Inc/Legacy -I../Drivers/CMSIS/Device/ST/STM32F3xx/Include -I../Drivers/CMSIS/Include -O0 -ffunction-sections -fdata-sections -Wall -fstack-usage -fcyclomatic-complexity -MMD -MP -MF"Drivers/STM32F3xx_HAL_Driver/Src/stm32f3xx_hal_exti.d" -MT"Drivers/STM32F3xx_HAL_Driver/Src/stm32f3xx_hal_exti.o" --specs=nano.specs -mfpu=fpv4-sp-d16 -mfloat-abi=hard -mthumb -o "Drivers/STM32F3xx_HAL_Driver/Src/stm32f3xx_hal_exti.o"
arm-none-eabi-gcc "../Drivers/STM32F3xx_HAL_Driver/Src/stm32f3xx_hal_flash.c" -mcpu=cortex-m4 -std=gnu11 -g3 -DDEBUG -DUSE_HAL_DRIVER -DSTM32F303xE -c -I../Core/Inc -I"C:/Users/Luigi/Documents/Github/efmi-pss-use-case/STM32Nucleo/IndividualPCs/Edge-Desktop/Test/Middleware/eFMI/models/PCode_SPE/inc" -I../Drivers/STM32F3xx_HAL_Driver/Inc -I../Drivers/STM32F3xx_HAL_Driver/Inc/Legacy -I../Drivers/CMSIS/Device/ST/STM32F3xx/Include -I../Drivers/CMSIS/Include -O0 -ffunction-sections -fdata-sections -Wall -fstack-usage -fcyclomatic-complexity -MMD -MP -MF"Drivers/STM32F3xx_HAL_Driver/Src/stm32f3xx_hal_flash.d" -MT"Drivers/STM32F3xx_HAL_Driver/Src/stm32f3xx_hal_flash.o" --specs=nano.specs -mfpu=fpv4-sp-d16 -mfloat-abi=hard -mthumb -o "Drivers/STM32F3xx_HAL_Driver/Src/stm32f3xx_hal_flash.o"
arm-none-eabi-gcc "../Drivers/STM32F3xx_HAL_Driver/Src/stm32f3xx_hal_flash_ex.c" -mcpu=cortex-m4 -std=gnu11 -g3 -DDEBUG -DUSE_HAL_DRIVER -DSTM32F303xE -c -I../Core/Inc -I"C:/Users/Luigi/Documents/Github/efmi-pss-use-case/STM32Nucleo/IndividualPCs/Edge-Desktop/Test/Middleware/eFMI/models/PCode_SPE/inc" -I../Drivers/STM32F3xx_HAL_Driver/Inc -I../Drivers/STM32F3xx_HAL_Driver/Inc/Legacy -I../Drivers/CMSIS/Device/ST/STM32F3xx/Include -I../Drivers/CMSIS/Include -O0 -ffunction-sections -fdata-sections -Wall -fstack-usage -fcyclomatic-complexity -MMD -MP -MF"Drivers/STM32F3xx_HAL_Driver/Src/stm32f3xx_hal_flash_ex.d" -MT"Drivers/STM32F3xx_HAL_Driver/Src/stm32f3xx_hal_flash_ex.o" --specs=nano.specs -mfpu=fpv4-sp-d16 -mfloat-abi=hard -mthumb -o "Drivers/STM32F3xx_HAL_Driver/Src/stm32f3xx_hal_flash_ex.o"
arm-none-eabi-gcc "../Drivers/STM32F3xx_HAL_Driver/Src/stm32f3xx_hal_gpio.c" -mcpu=cortex-m4 -std=gnu11 -g3 -DDEBUG -DUSE_HAL_DRIVER -DSTM32F303xE -c -I../Core/Inc -I"C:/Users/Luigi/Documents/Github/efmi-pss-use-case/STM32Nucleo/IndividualPCs/Edge-Desktop/Test/Middleware/eFMI/models/PCode_SPE/inc" -I../Drivers/STM32F3xx_HAL_Driver/Inc -I../Drivers/STM32F3xx_HAL_Driver/Inc/Legacy -I../Drivers/CMSIS/Device/ST/STM32F3xx/Include -I../Drivers/CMSIS/Include -O0 -ffunction-sections -fdata-sections -Wall -fstack-usage -fcyclomatic-complexity -MMD -MP -MF"Drivers/STM32F3xx_HAL_Driver/Src/stm32f3xx_hal_gpio.d" -MT"Drivers/STM32F3xx_HAL_Driver/Src/stm32f3xx_hal_gpio.o" --specs=nano.specs -mfpu=fpv4-sp-d16 -mfloat-abi=hard -mthumb -o "Drivers/STM32F3xx_HAL_Driver/Src/stm32f3xx_hal_gpio.o"
arm-none-eabi-gcc "../Drivers/STM32F3xx_HAL_Driver/Src/stm32f3xx_hal_i2c.c" -mcpu=cortex-m4 -std=gnu11 -g3 -DDEBUG -DUSE_HAL_DRIVER -DSTM32F303xE -c -I../Core/Inc -I"C:/Users/Luigi/Documents/Github/efmi-pss-use-case/STM32Nucleo/IndividualPCs/Edge-Desktop/Test/Middleware/eFMI/models/PCode_SPE/inc" -I../Drivers/STM32F3xx_HAL_Driver/Inc -I../Drivers/STM32F3xx_HAL_Driver/Inc/Legacy -I../Drivers/CMSIS/Device/ST/STM32F3xx/Include -I../Drivers/CMSIS/Include -O0 -ffunction-sections -fdata-sections -Wall -fstack-usage -fcyclomatic-complexity -MMD -MP -MF"Drivers/STM32F3xx_HAL_Driver/Src/stm32f3xx_hal_i2c.d" -MT"Drivers/STM32F3xx_HAL_Driver/Src/stm32f3xx_hal_i2c.o" --specs=nano.specs -mfpu=fpv4-sp-d16 -mfloat-abi=hard -mthumb -o "Drivers/STM32F3xx_HAL_Driver/Src/stm32f3xx_hal_i2c.o"
arm-none-eabi-gcc "../Drivers/STM32F3xx_HAL_Driver/Src/stm32f3xx_hal_i2c_ex.c" -mcpu=cortex-m4 -std=gnu11 -g3 -DDEBUG -DUSE_HAL_DRIVER -DSTM32F303xE -c -I../Core/Inc -I"C:/Users/Luigi/Documents/Github/efmi-pss-use-case/STM32Nucleo/IndividualPCs/Edge-Desktop/Test/Middleware/eFMI/models/PCode_SPE/inc" -I../Drivers/STM32F3xx_HAL_Driver/Inc -I../Drivers/STM32F3xx_HAL_Driver/Inc/Legacy -I../Drivers/CMSIS/Device/ST/STM32F3xx/Include -I../Drivers/CMSIS/Include -O0 -ffunction-sections -fdata-sections -Wall -fstack-usage -fcyclomatic-complexity -MMD -MP -MF"Drivers/STM32F3xx_HAL_Driver/Src/stm32f3xx_hal_i2c_ex.d" -MT"Drivers/STM32F3xx_HAL_Driver/Src/stm32f3xx_hal_i2c_ex.o" --specs=nano.specs -mfpu=fpv4-sp-d16 -mfloat-abi=hard -mthumb -o "Drivers/STM32F3xx_HAL_Driver/Src/stm32f3xx_hal_i2c_ex.o"
arm-none-eabi-gcc "../Drivers/STM32F3xx_HAL_Driver/Src/stm32f3xx_hal_pwr.c" -mcpu=cortex-m4 -std=gnu11 -g3 -DDEBUG -DUSE_HAL_DRIVER -DSTM32F303xE -c -I../Core/Inc -I"C:/Users/Luigi/Documents/Github/efmi-pss-use-case/STM32Nucleo/IndividualPCs/Edge-Desktop/Test/Middleware/eFMI/models/PCode_SPE/inc" -I../Drivers/STM32F3xx_HAL_Driver/Inc -I../Drivers/STM32F3xx_HAL_Driver/Inc/Legacy -I../Drivers/CMSIS/Device/ST/STM32F3xx/Include -I../Drivers/CMSIS/Include -O0 -ffunction-sections -fdata-sections -Wall -fstack-usage -fcyclomatic-complexity -MMD -MP -MF"Drivers/STM32F3xx_HAL_Driver/Src/stm32f3xx_hal_pwr.d" -MT"Drivers/STM32F3xx_HAL_Driver/Src/stm32f3xx_hal_pwr.o" --specs=nano.specs -mfpu=fpv4-sp-d16 -mfloat-abi=hard -mthumb -o "Drivers/STM32F3xx_HAL_Driver/Src/stm32f3xx_hal_pwr.o"
arm-none-eabi-gcc "../Drivers/STM32F3xx_HAL_Driver/Src/stm32f3xx_hal_pwr_ex.c" -mcpu=cortex-m4 -std=gnu11 -g3 -DDEBUG -DUSE_HAL_DRIVER -DSTM32F303xE -c -I../Core/Inc -I"C:/Users/Luigi/Documents/Github/efmi-pss-use-case/STM32Nucleo/IndividualPCs/Edge-Desktop/Test/Middleware/eFMI/models/PCode_SPE/inc" -I../Drivers/STM32F3xx_HAL_Driver/Inc -I../Drivers/STM32F3xx_HAL_Driver/Inc/Legacy -I../Drivers/CMSIS/Device/ST/STM32F3xx/Include -I../Drivers/CMSIS/Include -O0 -ffunction-sections -fdata-sections -Wall -fstack-usage -fcyclomatic-complexity -MMD -MP -MF"Drivers/STM32F3xx_HAL_Driver/Src/stm32f3xx_hal_pwr_ex.d" -MT"Drivers/STM32F3xx_HAL_Driver/Src/stm32f3xx_hal_pwr_ex.o" --specs=nano.specs -mfpu=fpv4-sp-d16 -mfloat-abi=hard -mthumb -o "Drivers/STM32F3xx_HAL_Driver/Src/stm32f3xx_hal_pwr_ex.o"
arm-none-eabi-gcc "../Drivers/STM32F3xx_HAL_Driver/Src/stm32f3xx_hal_rcc.c" -mcpu=cortex-m4 -std=gnu11 -g3 -DDEBUG -DUSE_HAL_DRIVER -DSTM32F303xE -c -I../Core/Inc -I"C:/Users/Luigi/Documents/Github/efmi-pss-use-case/STM32Nucleo/IndividualPCs/Edge-Desktop/Test/Middleware/eFMI/models/PCode_SPE/inc" -I../Drivers/STM32F3xx_HAL_Driver/Inc -I../Drivers/STM32F3xx_HAL_Driver/Inc/Legacy -I../Drivers/CMSIS/Device/ST/STM32F3xx/Include -I../Drivers/CMSIS/Include -O0 -ffunction-sections -fdata-sections -Wall -fstack-usage -fcyclomatic-complexity -MMD -MP -MF"Drivers/STM32F3xx_HAL_Driver/Src/stm32f3xx_hal_rcc.d" -MT"Drivers/STM32F3xx_HAL_Driver/Src/stm32f3xx_hal_rcc.o" --specs=nano.specs -mfpu=fpv4-sp-d16 -mfloat-abi=hard -mthumb -o "Drivers/STM32F3xx_HAL_Driver/Src/stm32f3xx_hal_rcc.o"
arm-none-eabi-gcc "../Drivers/STM32F3xx_HAL_Driver/Src/stm32f3xx_hal_rcc_ex.c" -mcpu=cortex-m4 -std=gnu11 -g3 -DDEBUG -DUSE_HAL_DRIVER -DSTM32F303xE -c -I../Core/Inc -I"C:/Users/Luigi/Documents/Github/efmi-pss-use-case/STM32Nucleo/IndividualPCs/Edge-Desktop/Test/Middleware/eFMI/models/PCode_SPE/inc" -I../Drivers/STM32F3xx_HAL_Driver/Inc -I../Drivers/STM32F3xx_HAL_Driver/Inc/Legacy -I../Drivers/CMSIS/Device/ST/STM32F3xx/Include -I../Drivers/CMSIS/Include -O0 -ffunction-sections -fdata-sections -Wall -fstack-usage -fcyclomatic-complexity -MMD -MP -MF"Drivers/STM32F3xx_HAL_Driver/Src/stm32f3xx_hal_rcc_ex.d" -MT"Drivers/STM32F3xx_HAL_Driver/Src/stm32f3xx_hal_rcc_ex.o" --specs=nano.specs -mfpu=fpv4-sp-d16 -mfloat-abi=hard -mthumb -o "Drivers/STM32F3xx_HAL_Driver/Src/stm32f3xx_hal_rcc_ex.o"
arm-none-eabi-gcc "../Drivers/STM32F3xx_HAL_Driver/Src/stm32f3xx_hal_uart.c" -mcpu=cortex-m4 -std=gnu11 -g3 -DDEBUG -DUSE_HAL_DRIVER -DSTM32F303xE -c -I../Core/Inc -I"C:/Users/Luigi/Documents/Github/efmi-pss-use-case/STM32Nucleo/IndividualPCs/Edge-Desktop/Test/Middleware/eFMI/models/PCode_SPE/inc" -I../Drivers/STM32F3xx_HAL_Driver/Inc -I../Drivers/STM32F3xx_HAL_Driver/Inc/Legacy -I../Drivers/CMSIS/Device/ST/STM32F3xx/Include -I../Drivers/CMSIS/Include -O0 -ffunction-sections -fdata-sections -Wall -fstack-usage -fcyclomatic-complexity -MMD -MP -MF"Drivers/STM32F3xx_HAL_Driver/Src/stm32f3xx_hal_uart.d" -MT"Drivers/STM32F3xx_HAL_Driver/Src/stm32f3xx_hal_uart.o" --specs=nano.specs -mfpu=fpv4-sp-d16 -mfloat-abi=hard -mthumb -o "Drivers/STM32F3xx_HAL_Driver/Src/stm32f3xx_hal_uart.o"
arm-none-eabi-gcc "../Drivers/STM32F3xx_HAL_Driver/Src/stm32f3xx_hal_uart_ex.c" -mcpu=cortex-m4 -std=gnu11 -g3 -DDEBUG -DUSE_HAL_DRIVER -DSTM32F303xE -c -I../Core/Inc -I"C:/Users/Luigi/Documents/Github/efmi-pss-use-case/STM32Nucleo/IndividualPCs/Edge-Desktop/Test/Middleware/eFMI/models/PCode_SPE/inc" -I../Drivers/STM32F3xx_HAL_Driver/Inc -I../Drivers/STM32F3xx_HAL_Driver/Inc/Legacy -I../Drivers/CMSIS/Device/ST/STM32F3xx/Include -I../Drivers/CMSIS/Include -O0 -ffunction-sections -fdata-sections -Wall -fstack-usage -fcyclomatic-complexity -MMD -MP -MF"Drivers/STM32F3xx_HAL_Driver/Src/stm32f3xx_hal_uart_ex.d" -MT"Drivers/STM32F3xx_HAL_Driver/Src/stm32f3xx_hal_uart_ex.o" --specs=nano.specs -mfpu=fpv4-sp-d16 -mfloat-abi=hard -mthumb -o "Drivers/STM32F3xx_HAL_Driver/Src/stm32f3xx_hal_uart_ex.o"
arm-none-eabi-gcc -mcpu=cortex-m4 -g3 -DDEBUG -c -x assembler-with-cpp -MMD -MP -MF"Core/Startup/startup_stm32f303retx.d" -MT"Core/Startup/startup_stm32f303retx.o" --specs=nano.specs -mfpu=fpv4-sp-d16 -mfloat-abi=hard -mthumb -o "Core/Startup/startup_stm32f303retx.o" "../Core/Startup/startup_stm32f303retx.s"
arm-none-eabi-gcc "../Core/Src/main.c" -mcpu=cortex-m4 -std=gnu11 -g3 -DDEBUG -DUSE_HAL_DRIVER -DSTM32F303xE -c -I../Core/Inc -I"C:/Users/Luigi/Documents/Github/efmi-pss-use-case/STM32Nucleo/IndividualPCs/Edge-Desktop/Test/Middleware/eFMI/models/PCode_SPE/inc" -I../Drivers/STM32F3xx_HAL_Driver/Inc -I../Drivers/STM32F3xx_HAL_Driver/Inc/Legacy -I../Drivers/CMSIS/Device/ST/STM32F3xx/Include -I../Drivers/CMSIS/Include -O0 -ffunction-sections -fdata-sections -Wall -fstack-usage -fcyclomatic-complexity -MMD -MP -MF"Core/Src/main.d" -MT"Core/Src/main.o" --specs=nano.specs -mfpu=fpv4-sp-d16 -mfloat-abi=hard -mthumb -o "Core/Src/main.o"
arm-none-eabi-gcc "../Core/Src/stm32f3xx_hal_msp.c" -mcpu=cortex-m4 -std=gnu11 -g3 -DDEBUG -DUSE_HAL_DRIVER -DSTM32F303xE -c -I../Core/Inc -I"C:/Users/Luigi/Documents/Github/efmi-pss-use-case/STM32Nucleo/IndividualPCs/Edge-Desktop/Test/Middleware/eFMI/models/PCode_SPE/inc" -I../Drivers/STM32F3xx_HAL_Driver/Inc -I../Drivers/STM32F3xx_HAL_Driver/Inc/Legacy -I../Drivers/CMSIS/Device/ST/STM32F3xx/Include -I../Drivers/CMSIS/Include -O0 -ffunction-sections -fdata-sections -Wall -fstack-usage -fcyclomatic-complexity -MMD -MP -MF"Core/Src/stm32f3xx_hal_msp.d" -MT"Core/Src/stm32f3xx_hal_msp.o" --specs=nano.specs -mfpu=fpv4-sp-d16 -mfloat-abi=hard -mthumb -o "Core/Src/stm32f3xx_hal_msp.o"
arm-none-eabi-gcc "../Core/Src/stm32f3xx_it.c" -mcpu=cortex-m4 -std=gnu11 -g3 -DDEBUG -DUSE_HAL_DRIVER -DSTM32F303xE -c -I../Core/Inc -I"C:/Users/Luigi/Documents/Github/efmi-pss-use-case/STM32Nucleo/IndividualPCs/Edge-Desktop/Test/Middleware/eFMI/models/PCode_SPE/inc" -I../Drivers/STM32F3xx_HAL_Driver/Inc -I../Drivers/STM32F3xx_HAL_Driver/Inc/Legacy -I../Drivers/CMSIS/Device/ST/STM32F3xx/Include -I../Drivers/CMSIS/Include -O0 -ffunction-sections -fdata-sections -Wall -fstack-usage -fcyclomatic-complexity -MMD -MP -MF"Core/Src/stm32f3xx_it.d" -MT"Core/Src/stm32f3xx_it.o" --specs=nano.specs -mfpu=fpv4-sp-d16 -mfloat-abi=hard -mthumb -o "Core/Src/stm32f3xx_it.o"
arm-none-eabi-gcc "../Core/Src/syscalls.c" -mcpu=cortex-m4 -std=gnu11 -g3 -DDEBUG -DUSE_HAL_DRIVER -DSTM32F303xE -c -I../Core/Inc -I"C:/Users/Luigi/Documents/Github/efmi-pss-use-case/STM32Nucleo/IndividualPCs/Edge-Desktop/Test/Middleware/eFMI/models/PCode_SPE/inc" -I../Drivers/STM32F3xx_HAL_Driver/Inc -I../Drivers/STM32F3xx_HAL_Driver/Inc/Legacy -I../Drivers/CMSIS/Device/ST/STM32F3xx/Include -I../Drivers/CMSIS/Include -O0 -ffunction-sections -fdata-sections -Wall -fstack-usage -fcyclomatic-complexity -MMD -MP -MF"Core/Src/syscalls.d" -MT"Core/Src/syscalls.o" --specs=nano.specs -mfpu=fpv4-sp-d16 -mfloat-abi=hard -mthumb -o "Core/Src/syscalls.o"
arm-none-eabi-gcc "../Core/Src/sysmem.c" -mcpu=cortex-m4 -std=gnu11 -g3 -DDEBUG -DUSE_HAL_DRIVER -DSTM32F303xE -c -I../Core/Inc -I"C:/Users/Luigi/Documents/Github/efmi-pss-use-case/STM32Nucleo/IndividualPCs/Edge-Desktop/Test/Middleware/eFMI/models/PCode_SPE/inc" -I../Drivers/STM32F3xx_HAL_Driver/Inc -I../Drivers/STM32F3xx_HAL_Driver/Inc/Legacy -I../Drivers/CMSIS/Device/ST/STM32F3xx/Include -I../Drivers/CMSIS/Include -O0 -ffunction-sections -fdata-sections -Wall -fstack-usage -fcyclomatic-complexity -MMD -MP -MF"Core/Src/sysmem.d" -MT"Core/Src/sysmem.o" --specs=nano.specs -mfpu=fpv4-sp-d16 -mfloat-abi=hard -mthumb -o "Core/Src/sysmem.o"
arm-none-eabi-gcc "../Core/Src/system_stm32f3xx.c" -mcpu=cortex-m4 -std=gnu11 -g3 -DDEBUG -DUSE_HAL_DRIVER -DSTM32F303xE -c -I../Core/Inc -I"C:/Users/Luigi/Documents/Github/efmi-pss-use-case/STM32Nucleo/IndividualPCs/Edge-Desktop/Test/Middleware/eFMI/models/PCode_SPE/inc" -I../Drivers/STM32F3xx_HAL_Driver/Inc -I../Drivers/STM32F3xx_HAL_Driver/Inc/Legacy -I../Drivers/CMSIS/Device/ST/STM32F3xx/Include -I../Drivers/CMSIS/Include -O0 -ffunction-sections -fdata-sections -Wall -fstack-usage -fcyclomatic-complexity -MMD -MP -MF"Core/Src/system_stm32f3xx.d" -MT"Core/Src/system_stm32f3xx.o" --specs=nano.specs -mfpu=fpv4-sp-d16 -mfloat-abi=hard -mthumb -o "Core/Src/system_stm32f3xx.o"
../Middleware/eFMI/models/PCode_SPE/src/block.c: In function 'DoStep':
../Middleware/eFMI/models/PCode_SPE/src/block.c:848:10: warning: variable 'L1_p_ir' set but not used [-Wunused-but-set-variable]
  848 |     Real L1_p_ir;
      |          ^~~~~~~
../Middleware/eFMI/models/PCode_SPE/src/block.c:847:10: warning: variable 'L1_p_ii' set but not used [-Wunused-but-set-variable]
  847 |     Real L1_p_ii;
      |          ^~~~~~~
arm-none-eabi-gcc -o "Test.elf" @"objects.list"   -mcpu=cortex-m4 -T"C:\Users\Luigi\Documents\Github\efmi-pss-use-case\STM32Nucleo\IndividualPCs\Edge-Desktop\Test\STM32F303RETX_FLASH.ld" --specs=nosys.specs -Wl,-Map="Test.map" -Wl,--gc-sections -static --specs=nano.specs -mfpu=fpv4-sp-d16 -mfloat-abi=hard -mthumb -Wl,--start-group -lc -lm -Wl,--end-group
Finished building target: Test.elf
 
arm-none-eabi-size  Test.elf 
arm-none-eabi-objdump -h -S Test.elf  > "Test.list"
   text	   data	    bss	    dec	    hex	filename
  11568	     12	   1708	  13288	   33e8	Test.elf
Finished building: default.size.stdout
 
Finished building: Test.list
 
17:20:09 **** Clean-only build of configuration Debug for project Test ****
make -j32 clean 
rm -rf ./Middleware/eFMI/models/PCode_SPE/src/block.cyclo ./Middleware/eFMI/models/PCode_SPE/src/block.d ./Middleware/eFMI/models/PCode_SPE/src/block.o ./Middleware/eFMI/models/PCode_SPE/src/block.su ./Middleware/eFMI/models/PCode_SPE/src/mei_block_interface.cyclo ./Middleware/eFMI/models/PCode_SPE/src/mei_block_interface.d ./Middleware/eFMI/models/PCode_SPE/src/mei_block_interface.o ./Middleware/eFMI/models/PCode_SPE/src/mei_block_interface.su ./Middleware/eFMI/models/PCode_SPE/src/sii_block_interface.cyclo ./Middleware/eFMI/models/PCode_SPE/src/sii_block_interface.d ./Middleware/eFMI/models/PCode_SPE/src/sii_block_interface.o ./Middleware/eFMI/models/PCode_SPE/src/sii_block_interface.su
rm -rf ./Drivers/STM32F3xx_HAL_Driver/Src/stm32f3xx_hal.cyclo ./Drivers/STM32F3xx_HAL_Driver/Src/stm32f3xx_hal.d ./Drivers/STM32F3xx_HAL_Driver/Src/stm32f3xx_hal.o ./Drivers/STM32F3xx_HAL_Driver/Src/stm32f3xx_hal.su ./Drivers/STM32F3xx_HAL_Driver/Src/stm32f3xx_hal_cortex.cyclo ./Drivers/STM32F3xx_HAL_Driver/Src/stm32f3xx_hal_cortex.d ./Drivers/STM32F3xx_HAL_Driver/Src/stm32f3xx_hal_cortex.o ./Drivers/STM32F3xx_HAL_Driver/Src/stm32f3xx_hal_cortex.su ./Drivers/STM32F3xx_HAL_Driver/Src/stm32f3xx_hal_dma.cyclo ./Drivers/STM32F3xx_HAL_Driver/Src/stm32f3xx_hal_dma.d ./Drivers/STM32F3xx_HAL_Driver/Src/stm32f3xx_hal_dma.o ./Drivers/STM32F3xx_HAL_Driver/Src/stm32f3xx_hal_dma.su ./Drivers/STM32F3xx_HAL_Driver/Src/stm32f3xx_hal_exti.cyclo ./Drivers/STM32F3xx_HAL_Driver/Src/stm32f3xx_hal_exti.d ./Drivers/STM32F3xx_HAL_Driver/Src/stm32f3xx_hal_exti.o ./Drivers/STM32F3xx_HAL_Driver/Src/stm32f3xx_hal_exti.su ./Drivers/STM32F3xx_HAL_Driver/Src/stm32f3xx_hal_flash.cyclo ./Drivers/STM32F3xx_HAL_Driver/Src/stm32f3xx_hal_flash.d ./Drivers/STM32F3xx_HAL_Driver/Src/stm32f3xx_hal_flash.o ./Drivers/STM32F3xx_HAL_Driver/Src/stm32f3xx_hal_flash.su ./Drivers/STM32F3xx_HAL_Driver/Src/stm32f3xx_hal_flash_ex.cyclo ./Drivers/STM32F3xx_HAL_Driver/Src/stm32f3xx_hal_flash_ex.d ./Drivers/STM32F3xx_HAL_Driver/Src/stm32f3xx_hal_flash_ex.o ./Drivers/STM32F3xx_HAL_Driver/Src/stm32f3xx_hal_flash_ex.su ./Drivers/STM32F3xx_HAL_Driver/Src/stm32f3xx_hal_gpio.cyclo ./Drivers/STM32F3xx_HAL_Driver/Src/stm32f3xx_hal_gpio.d ./Drivers/STM32F3xx_HAL_Driver/Src/stm32f3xx_hal_gpio.o ./Drivers/STM32F3xx_HAL_Driver/Src/stm32f3xx_hal_gpio.su ./Drivers/STM32F3xx_HAL_Driver/Src/stm32f3xx_hal_i2c.cyclo ./Drivers/STM32F3xx_HAL_Driver/Src/stm32f3xx_hal_i2c.d ./Drivers/STM32F3xx_HAL_Driver/Src/stm32f3xx_hal_i2c.o ./Drivers/STM32F3xx_HAL_Driver/Src/stm32f3xx_hal_i2c.su ./Drivers/STM32F3xx_HAL_Driver/Src/stm32f3xx_hal_i2c_ex.cyclo ./Drivers/STM32F3xx_HAL_Driver/Src/stm32f3xx_hal_i2c_ex.d ./Drivers/STM32F3xx_HAL_Driver/Src/stm32f3xx_hal_i2c_ex.o ./Drivers/STM32F3xx_HAL_Driver/Src/stm32f3xx_hal_i2c_ex.su ./Drivers/STM32F3xx_HAL_Driver/Src/stm32f3xx_hal_pwr.cyclo ./Drivers/STM32F3xx_HAL_Driver/Src/stm32f3xx_hal_pwr.d ./Drivers/STM32F3xx_HAL_Driver/Src/stm32f3xx_hal_pwr.o ./Drivers/STM32F3xx_HAL_Driver/Src/stm32f3xx_hal_pwr.su ./Drivers/STM32F3xx_HAL_Driver/Src/stm32f3xx_hal_pwr_ex.cyclo ./Drivers/STM32F3xx_HAL_Driver/Src/stm32f3xx_hal_pwr_ex.d ./Drivers/STM32F3xx_HAL_Driver/Src/stm32f3xx_hal_pwr_ex.o ./Drivers/STM32F3xx_HAL_Driver/Src/stm32f3xx_hal_pwr_ex.su ./Drivers/STM32F3xx_HAL_Driver/Src/stm32f3xx_hal_rcc.cyclo ./Drivers/STM32F3xx_HAL_Driver/Src/stm32f3xx_hal_rcc.d ./Drivers/STM32F3xx_HAL_Driver/Src/stm32f3xx_hal_rcc.o ./Drivers/STM32F3xx_HAL_Driver/Src/stm32f3xx_hal_rcc.su ./Drivers/STM32F3xx_HAL_Driver/Src/stm32f3xx_hal_rcc_ex.cyclo ./Drivers/STM32F3xx_HAL_Driver/Src/stm32f3xx_hal_rcc_ex.d ./Drivers/STM32F3xx_HAL_Driver/Src/stm32f3xx_hal_rcc_ex.o ./Drivers/STM32F3xx_HAL_Driver/Src/stm32f3xx_hal_rcc_ex.su ./Drivers/STM32F3xx_HAL_Driver/Src/stm32f3xx_hal_uart.cyclo ./Drivers/STM32F3xx_HAL_Driver/Src/stm32f3xx_hal_uart.d ./Drivers/STM32F3xx_HAL_Driver/Src/stm32f3xx_hal_uart.o ./Drivers/STM32F3xx_HAL_Driver/Src/stm32f3xx_hal_uart.su ./Drivers/STM32F3xx_HAL_Driver/Src/stm32f3xx_hal_uart_ex.cyclo ./Drivers/STM32F3xx_HAL_Driver/Src/stm32f3xx_hal_uart_ex.d ./Drivers/STM32F3xx_HAL_Driver/Src/stm32f3xx_hal_uart_ex.o ./Drivers/STM32F3xx_HAL_Driver/Src/stm32f3xx_hal_uart_ex.su
rm -rf ./Core/Startup/startup_stm32f303retx.d ./Core/Startup/startup_stm32f303retx.o
rm -rf ./Core/Src/main.cyclo ./Core/Src/main.d ./Core/Src/main.o ./Core/Src/main.su ./Core/Src/stm32f3xx_hal_msp.cyclo ./Core/Src/stm32f3xx_hal_msp.d ./Core/Src/stm32f3xx_hal_msp.o ./Core/Src/stm32f3xx_hal_msp.su ./Core/Src/stm32f3xx_it.cyclo ./Core/Src/stm32f3xx_it.d ./Core/Src/stm32f3xx_it.o ./Core/Src/stm32f3xx_it.su ./Core/Src/syscalls.cyclo ./Core/Src/syscalls.d ./Core/Src/syscalls.o ./Core/Src/syscalls.su ./Core/Src/sysmem.cyclo ./Core/Src/sysmem.d ./Core/Src/sysmem.o ./Core/Src/sysmem.su ./Core/Src/system_stm32f3xx.cyclo ./Core/Src/system_stm32f3xx.d ./Core/Src/system_stm32f3xx.o ./Core/Src/system_stm32f3xx.su
rm -rf Test.elf Test.list Test.map default.size.stdout
 
17:20:10 **** Incremental Build of configuration Debug for project Test ****
make -j32 all 
arm-none-eabi-gcc "../Middleware/eFMI/models/PCode_SPE/src/block.c" -mcpu=cortex-m4 -std=gnu11 -g3 -DDEBUG -DUSE_HAL_DRIVER -DSTM32F303xE -c -I../Core/Inc -I"C:/Users/Luigi/Documents/Github/efmi-pss-use-case/STM32Nucleo/IndividualPCs/Edge-Desktop/Test/Middleware/eFMI/models/PCode_SPE/inc" -I../Drivers/STM32F3xx_HAL_Driver/Inc -I../Drivers/STM32F3xx_HAL_Driver/Inc/Legacy -I../Drivers/CMSIS/Device/ST/STM32F3xx/Include -I../Drivers/CMSIS/Include -O0 -ffunction-sections -fdata-sections -Wall -fstack-usage -fcyclomatic-complexity -MMD -MP -MF"Middleware/eFMI/models/PCode_SPE/src/block.d" -MT"Middleware/eFMI/models/PCode_SPE/src/block.o" --specs=nano.specs -mfpu=fpv4-sp-d16 -mfloat-abi=hard -mthumb -o "Middleware/eFMI/models/PCode_SPE/src/block.o"
arm-none-eabi-gcc "../Middleware/eFMI/models/PCode_SPE/src/mei_block_interface.c" -mcpu=cortex-m4 -std=gnu11 -g3 -DDEBUG -DUSE_HAL_DRIVER -DSTM32F303xE -c -I../Core/Inc -I"C:/Users/Luigi/Documents/Github/efmi-pss-use-case/STM32Nucleo/IndividualPCs/Edge-Desktop/Test/Middleware/eFMI/models/PCode_SPE/inc" -I../Drivers/STM32F3xx_HAL_Driver/Inc -I../Drivers/STM32F3xx_HAL_Driver/Inc/Legacy -I../Drivers/CMSIS/Device/ST/STM32F3xx/Include -I../Drivers/CMSIS/Include -O0 -ffunction-sections -fdata-sections -Wall -fstack-usage -fcyclomatic-complexity -MMD -MP -MF"Middleware/eFMI/models/PCode_SPE/src/mei_block_interface.d" -MT"Middleware/eFMI/models/PCode_SPE/src/mei_block_interface.o" --specs=nano.specs -mfpu=fpv4-sp-d16 -mfloat-abi=hard -mthumb -o "Middleware/eFMI/models/PCode_SPE/src/mei_block_interface.o"
arm-none-eabi-gcc "../Middleware/eFMI/models/PCode_SPE/src/sii_block_interface.c" -mcpu=cortex-m4 -std=gnu11 -g3 -DDEBUG -DUSE_HAL_DRIVER -DSTM32F303xE -c -I../Core/Inc -I"C:/Users/Luigi/Documents/Github/efmi-pss-use-case/STM32Nucleo/IndividualPCs/Edge-Desktop/Test/Middleware/eFMI/models/PCode_SPE/inc" -I../Drivers/STM32F3xx_HAL_Driver/Inc -I../Drivers/STM32F3xx_HAL_Driver/Inc/Legacy -I../Drivers/CMSIS/Device/ST/STM32F3xx/Include -I../Drivers/CMSIS/Include -O0 -ffunction-sections -fdata-sections -Wall -fstack-usage -fcyclomatic-complexity -MMD -MP -MF"Middleware/eFMI/models/PCode_SPE/src/sii_block_interface.d" -MT"Middleware/eFMI/models/PCode_SPE/src/sii_block_interface.o" --specs=nano.specs -mfpu=fpv4-sp-d16 -mfloat-abi=hard -mthumb -o "Middleware/eFMI/models/PCode_SPE/src/sii_block_interface.o"
arm-none-eabi-gcc "../Drivers/STM32F3xx_HAL_Driver/Src/stm32f3xx_hal.c" -mcpu=cortex-m4 -std=gnu11 -g3 -DDEBUG -DUSE_HAL_DRIVER -DSTM32F303xE -c -I../Core/Inc -I"C:/Users/Luigi/Documents/Github/efmi-pss-use-case/STM32Nucleo/IndividualPCs/Edge-Desktop/Test/Middleware/eFMI/models/PCode_SPE/inc" -I../Drivers/STM32F3xx_HAL_Driver/Inc -I../Drivers/STM32F3xx_HAL_Driver/Inc/Legacy -I../Drivers/CMSIS/Device/ST/STM32F3xx/Include -I../Drivers/CMSIS/Include -O0 -ffunction-sections -fdata-sections -Wall -fstack-usage -fcyclomatic-complexity -MMD -MP -MF"Drivers/STM32F3xx_HAL_Driver/Src/stm32f3xx_hal.d" -MT"Drivers/STM32F3xx_HAL_Driver/Src/stm32f3xx_hal.o" --specs=nano.specs -mfpu=fpv4-sp-d16 -mfloat-abi=hard -mthumb -o "Drivers/STM32F3xx_HAL_Driver/Src/stm32f3xx_hal.o"
arm-none-eabi-gcc "../Drivers/STM32F3xx_HAL_Driver/Src/stm32f3xx_hal_adc.c" -mcpu=cortex-m4 -std=gnu11 -g3 -DDEBUG -DUSE_HAL_DRIVER -DSTM32F303xE -c -I../Core/Inc -I"C:/Users/Luigi/Documents/Github/efmi-pss-use-case/STM32Nucleo/IndividualPCs/Edge-Desktop/Test/Middleware/eFMI/models/PCode_SPE/inc" -I../Drivers/STM32F3xx_HAL_Driver/Inc -I../Drivers/STM32F3xx_HAL_Driver/Inc/Legacy -I../Drivers/CMSIS/Device/ST/STM32F3xx/Include -I../Drivers/CMSIS/Include -O0 -ffunction-sections -fdata-sections -Wall -fstack-usage -fcyclomatic-complexity -MMD -MP -MF"Drivers/STM32F3xx_HAL_Driver/Src/stm32f3xx_hal_adc.d" -MT"Drivers/STM32F3xx_HAL_Driver/Src/stm32f3xx_hal_adc.o" --specs=nano.specs -mfpu=fpv4-sp-d16 -mfloat-abi=hard -mthumb -o "Drivers/STM32F3xx_HAL_Driver/Src/stm32f3xx_hal_adc.o"
arm-none-eabi-gcc "../Drivers/STM32F3xx_HAL_Driver/Src/stm32f3xx_hal_adc_ex.c" -mcpu=cortex-m4 -std=gnu11 -g3 -DDEBUG -DUSE_HAL_DRIVER -DSTM32F303xE -c -I../Core/Inc -I"C:/Users/Luigi/Documents/Github/efmi-pss-use-case/STM32Nucleo/IndividualPCs/Edge-Desktop/Test/Middleware/eFMI/models/PCode_SPE/inc" -I../Drivers/STM32F3xx_HAL_Driver/Inc -I../Drivers/STM32F3xx_HAL_Driver/Inc/Legacy -I../Drivers/CMSIS/Device/ST/STM32F3xx/Include -I../Drivers/CMSIS/Include -O0 -ffunction-sections -fdata-sections -Wall -fstack-usage -fcyclomatic-complexity -MMD -MP -MF"Drivers/STM32F3xx_HAL_Driver/Src/stm32f3xx_hal_adc_ex.d" -MT"Drivers/STM32F3xx_HAL_Driver/Src/stm32f3xx_hal_adc_ex.o" --specs=nano.specs -mfpu=fpv4-sp-d16 -mfloat-abi=hard -mthumb -o "Drivers/STM32F3xx_HAL_Driver/Src/stm32f3xx_hal_adc_ex.o"
arm-none-eabi-gcc "../Drivers/STM32F3xx_HAL_Driver/Src/stm32f3xx_hal_cortex.c" -mcpu=cortex-m4 -std=gnu11 -g3 -DDEBUG -DUSE_HAL_DRIVER -DSTM32F303xE -c -I../Core/Inc -I"C:/Users/Luigi/Documents/Github/efmi-pss-use-case/STM32Nucleo/IndividualPCs/Edge-Desktop/Test/Middleware/eFMI/models/PCode_SPE/inc" -I../Drivers/STM32F3xx_HAL_Driver/Inc -I../Drivers/STM32F3xx_HAL_Driver/Inc/Legacy -I../Drivers/CMSIS/Device/ST/STM32F3xx/Include -I../Drivers/CMSIS/Include -O0 -ffunction-sections -fdata-sections -Wall -fstack-usage -fcyclomatic-complexity -MMD -MP -MF"Drivers/STM32F3xx_HAL_Driver/Src/stm32f3xx_hal_cortex.d" -MT"Drivers/STM32F3xx_HAL_Driver/Src/stm32f3xx_hal_cortex.o" --specs=nano.specs -mfpu=fpv4-sp-d16 -mfloat-abi=hard -mthumb -o "Drivers/STM32F3xx_HAL_Driver/Src/stm32f3xx_hal_cortex.o"
arm-none-eabi-gcc "../Drivers/STM32F3xx_HAL_Driver/Src/stm32f3xx_hal_dac.c" -mcpu=cortex-m4 -std=gnu11 -g3 -DDEBUG -DUSE_HAL_DRIVER -DSTM32F303xE -c -I../Core/Inc -I"C:/Users/Luigi/Documents/Github/efmi-pss-use-case/STM32Nucleo/IndividualPCs/Edge-Desktop/Test/Middleware/eFMI/models/PCode_SPE/inc" -I../Drivers/STM32F3xx_HAL_Driver/Inc -I../Drivers/STM32F3xx_HAL_Driver/Inc/Legacy -I../Drivers/CMSIS/Device/ST/STM32F3xx/Include -I../Drivers/CMSIS/Include -O0 -ffunction-sections -fdata-sections -Wall -fstack-usage -fcyclomatic-complexity -MMD -MP -MF"Drivers/STM32F3xx_HAL_Driver/Src/stm32f3xx_hal_dac.d" -MT"Drivers/STM32F3xx_HAL_Driver/Src/stm32f3xx_hal_dac.o" --specs=nano.specs -mfpu=fpv4-sp-d16 -mfloat-abi=hard -mthumb -o "Drivers/STM32F3xx_HAL_Driver/Src/stm32f3xx_hal_dac.o"
arm-none-eabi-gcc "../Drivers/STM32F3xx_HAL_Driver/Src/stm32f3xx_hal_dac_ex.c" -mcpu=cortex-m4 -std=gnu11 -g3 -DDEBUG -DUSE_HAL_DRIVER -DSTM32F303xE -c -I../Core/Inc -I"C:/Users/Luigi/Documents/Github/efmi-pss-use-case/STM32Nucleo/IndividualPCs/Edge-Desktop/Test/Middleware/eFMI/models/PCode_SPE/inc" -I../Drivers/STM32F3xx_HAL_Driver/Inc -I../Drivers/STM32F3xx_HAL_Driver/Inc/Legacy -I../Drivers/CMSIS/Device/ST/STM32F3xx/Include -I../Drivers/CMSIS/Include -O0 -ffunction-sections -fdata-sections -Wall -fstack-usage -fcyclomatic-complexity -MMD -MP -MF"Drivers/STM32F3xx_HAL_Driver/Src/stm32f3xx_hal_dac_ex.d" -MT"Drivers/STM32F3xx_HAL_Driver/Src/stm32f3xx_hal_dac_ex.o" --specs=nano.specs -mfpu=fpv4-sp-d16 -mfloat-abi=hard -mthumb -o "Drivers/STM32F3xx_HAL_Driver/Src/stm32f3xx_hal_dac_ex.o"
arm-none-eabi-gcc "../Drivers/STM32F3xx_HAL_Driver/Src/stm32f3xx_hal_dma.c" -mcpu=cortex-m4 -std=gnu11 -g3 -DDEBUG -DUSE_HAL_DRIVER -DSTM32F303xE -c -I../Core/Inc -I"C:/Users/Luigi/Documents/Github/efmi-pss-use-case/STM32Nucleo/IndividualPCs/Edge-Desktop/Test/Middleware/eFMI/models/PCode_SPE/inc" -I../Drivers/STM32F3xx_HAL_Driver/Inc -I../Drivers/STM32F3xx_HAL_Driver/Inc/Legacy -I../Drivers/CMSIS/Device/ST/STM32F3xx/Include -I../Drivers/CMSIS/Include -O0 -ffunction-sections -fdata-sections -Wall -fstack-usage -fcyclomatic-complexity -MMD -MP -MF"Drivers/STM32F3xx_HAL_Driver/Src/stm32f3xx_hal_dma.d" -MT"Drivers/STM32F3xx_HAL_Driver/Src/stm32f3xx_hal_dma.o" --specs=nano.specs -mfpu=fpv4-sp-d16 -mfloat-abi=hard -mthumb -o "Drivers/STM32F3xx_HAL_Driver/Src/stm32f3xx_hal_dma.o"
arm-none-eabi-gcc "../Drivers/STM32F3xx_HAL_Driver/Src/stm32f3xx_hal_exti.c" -mcpu=cortex-m4 -std=gnu11 -g3 -DDEBUG -DUSE_HAL_DRIVER -DSTM32F303xE -c -I../Core/Inc -I"C:/Users/Luigi/Documents/Github/efmi-pss-use-case/STM32Nucleo/IndividualPCs/Edge-Desktop/Test/Middleware/eFMI/models/PCode_SPE/inc" -I../Drivers/STM32F3xx_HAL_Driver/Inc -I../Drivers/STM32F3xx_HAL_Driver/Inc/Legacy -I../Drivers/CMSIS/Device/ST/STM32F3xx/Include -I../Drivers/CMSIS/Include -O0 -ffunction-sections -fdata-sections -Wall -fstack-usage -fcyclomatic-complexity -MMD -MP -MF"Drivers/STM32F3xx_HAL_Driver/Src/stm32f3xx_hal_exti.d" -MT"Drivers/STM32F3xx_HAL_Driver/Src/stm32f3xx_hal_exti.o" --specs=nano.specs -mfpu=fpv4-sp-d16 -mfloat-abi=hard -mthumb -o "Drivers/STM32F3xx_HAL_Driver/Src/stm32f3xx_hal_exti.o"
arm-none-eabi-gcc "../Drivers/STM32F3xx_HAL_Driver/Src/stm32f3xx_hal_flash.c" -mcpu=cortex-m4 -std=gnu11 -g3 -DDEBUG -DUSE_HAL_DRIVER -DSTM32F303xE -c -I../Core/Inc -I"C:/Users/Luigi/Documents/Github/efmi-pss-use-case/STM32Nucleo/IndividualPCs/Edge-Desktop/Test/Middleware/eFMI/models/PCode_SPE/inc" -I../Drivers/STM32F3xx_HAL_Driver/Inc -I../Drivers/STM32F3xx_HAL_Driver/Inc/Legacy -I../Drivers/CMSIS/Device/ST/STM32F3xx/Include -I../Drivers/CMSIS/Include -O0 -ffunction-sections -fdata-sections -Wall -fstack-usage -fcyclomatic-complexity -MMD -MP -MF"Drivers/STM32F3xx_HAL_Driver/Src/stm32f3xx_hal_flash.d" -MT"Drivers/STM32F3xx_HAL_Driver/Src/stm32f3xx_hal_flash.o" --specs=nano.specs -mfpu=fpv4-sp-d16 -mfloat-abi=hard -mthumb -o "Drivers/STM32F3xx_HAL_Driver/Src/stm32f3xx_hal_flash.o"
arm-none-eabi-gcc "../Drivers/STM32F3xx_HAL_Driver/Src/stm32f3xx_hal_flash_ex.c" -mcpu=cortex-m4 -std=gnu11 -g3 -DDEBUG -DUSE_HAL_DRIVER -DSTM32F303xE -c -I../Core/Inc -I"C:/Users/Luigi/Documents/Github/efmi-pss-use-case/STM32Nucleo/IndividualPCs/Edge-Desktop/Test/Middleware/eFMI/models/PCode_SPE/inc" -I../Drivers/STM32F3xx_HAL_Driver/Inc -I../Drivers/STM32F3xx_HAL_Driver/Inc/Legacy -I../Drivers/CMSIS/Device/ST/STM32F3xx/Include -I../Drivers/CMSIS/Include -O0 -ffunction-sections -fdata-sections -Wall -fstack-usage -fcyclomatic-complexity -MMD -MP -MF"Drivers/STM32F3xx_HAL_Driver/Src/stm32f3xx_hal_flash_ex.d" -MT"Drivers/STM32F3xx_HAL_Driver/Src/stm32f3xx_hal_flash_ex.o" --specs=nano.specs -mfpu=fpv4-sp-d16 -mfloat-abi=hard -mthumb -o "Drivers/STM32F3xx_HAL_Driver/Src/stm32f3xx_hal_flash_ex.o"
arm-none-eabi-gcc "../Drivers/STM32F3xx_HAL_Driver/Src/stm32f3xx_hal_gpio.c" -mcpu=cortex-m4 -std=gnu11 -g3 -DDEBUG -DUSE_HAL_DRIVER -DSTM32F303xE -c -I../Core/Inc -I"C:/Users/Luigi/Documents/Github/efmi-pss-use-case/STM32Nucleo/IndividualPCs/Edge-Desktop/Test/Middleware/eFMI/models/PCode_SPE/inc" -I../Drivers/STM32F3xx_HAL_Driver/Inc -I../Drivers/STM32F3xx_HAL_Driver/Inc/Legacy -I../Drivers/CMSIS/Device/ST/STM32F3xx/Include -I../Drivers/CMSIS/Include -O0 -ffunction-sections -fdata-sections -Wall -fstack-usage -fcyclomatic-complexity -MMD -MP -MF"Drivers/STM32F3xx_HAL_Driver/Src/stm32f3xx_hal_gpio.d" -MT"Drivers/STM32F3xx_HAL_Driver/Src/stm32f3xx_hal_gpio.o" --specs=nano.specs -mfpu=fpv4-sp-d16 -mfloat-abi=hard -mthumb -o "Drivers/STM32F3xx_HAL_Driver/Src/stm32f3xx_hal_gpio.o"
arm-none-eabi-gcc "../Drivers/STM32F3xx_HAL_Driver/Src/stm32f3xx_hal_i2c.c" -mcpu=cortex-m4 -std=gnu11 -g3 -DDEBUG -DUSE_HAL_DRIVER -DSTM32F303xE -c -I../Core/Inc -I"C:/Users/Luigi/Documents/Github/efmi-pss-use-case/STM32Nucleo/IndividualPCs/Edge-Desktop/Test/Middleware/eFMI/models/PCode_SPE/inc" -I../Drivers/STM32F3xx_HAL_Driver/Inc -I../Drivers/STM32F3xx_HAL_Driver/Inc/Legacy -I../Drivers/CMSIS/Device/ST/STM32F3xx/Include -I../Drivers/CMSIS/Include -O0 -ffunction-sections -fdata-sections -Wall -fstack-usage -fcyclomatic-complexity -MMD -MP -MF"Drivers/STM32F3xx_HAL_Driver/Src/stm32f3xx_hal_i2c.d" -MT"Drivers/STM32F3xx_HAL_Driver/Src/stm32f3xx_hal_i2c.o" --specs=nano.specs -mfpu=fpv4-sp-d16 -mfloat-abi=hard -mthumb -o "Drivers/STM32F3xx_HAL_Driver/Src/stm32f3xx_hal_i2c.o"
arm-none-eabi-gcc "../Drivers/STM32F3xx_HAL_Driver/Src/stm32f3xx_hal_i2c_ex.c" -mcpu=cortex-m4 -std=gnu11 -g3 -DDEBUG -DUSE_HAL_DRIVER -DSTM32F303xE -c -I../Core/Inc -I"C:/Users/Luigi/Documents/Github/efmi-pss-use-case/STM32Nucleo/IndividualPCs/Edge-Desktop/Test/Middleware/eFMI/models/PCode_SPE/inc" -I../Drivers/STM32F3xx_HAL_Driver/Inc -I../Drivers/STM32F3xx_HAL_Driver/Inc/Legacy -I../Drivers/CMSIS/Device/ST/STM32F3xx/Include -I../Drivers/CMSIS/Include -O0 -ffunction-sections -fdata-sections -Wall -fstack-usage -fcyclomatic-complexity -MMD -MP -MF"Drivers/STM32F3xx_HAL_Driver/Src/stm32f3xx_hal_i2c_ex.d" -MT"Drivers/STM32F3xx_HAL_Driver/Src/stm32f3xx_hal_i2c_ex.o" --specs=nano.specs -mfpu=fpv4-sp-d16 -mfloat-abi=hard -mthumb -o "Drivers/STM32F3xx_HAL_Driver/Src/stm32f3xx_hal_i2c_ex.o"
arm-none-eabi-gcc "../Drivers/STM32F3xx_HAL_Driver/Src/stm32f3xx_hal_pwr.c" -mcpu=cortex-m4 -std=gnu11 -g3 -DDEBUG -DUSE_HAL_DRIVER -DSTM32F303xE -c -I../Core/Inc -I"C:/Users/Luigi/Documents/Github/efmi-pss-use-case/STM32Nucleo/IndividualPCs/Edge-Desktop/Test/Middleware/eFMI/models/PCode_SPE/inc" -I../Drivers/STM32F3xx_HAL_Driver/Inc -I../Drivers/STM32F3xx_HAL_Driver/Inc/Legacy -I../Drivers/CMSIS/Device/ST/STM32F3xx/Include -I../Drivers/CMSIS/Include -O0 -ffunction-sections -fdata-sections -Wall -fstack-usage -fcyclomatic-complexity -MMD -MP -MF"Drivers/STM32F3xx_HAL_Driver/Src/stm32f3xx_hal_pwr.d" -MT"Drivers/STM32F3xx_HAL_Driver/Src/stm32f3xx_hal_pwr.o" --specs=nano.specs -mfpu=fpv4-sp-d16 -mfloat-abi=hard -mthumb -o "Drivers/STM32F3xx_HAL_Driver/Src/stm32f3xx_hal_pwr.o"
arm-none-eabi-gcc "../Drivers/STM32F3xx_HAL_Driver/Src/stm32f3xx_hal_pwr_ex.c" -mcpu=cortex-m4 -std=gnu11 -g3 -DDEBUG -DUSE_HAL_DRIVER -DSTM32F303xE -c -I../Core/Inc -I"C:/Users/Luigi/Documents/Github/efmi-pss-use-case/STM32Nucleo/IndividualPCs/Edge-Desktop/Test/Middleware/eFMI/models/PCode_SPE/inc" -I../Drivers/STM32F3xx_HAL_Driver/Inc -I../Drivers/STM32F3xx_HAL_Driver/Inc/Legacy -I../Drivers/CMSIS/Device/ST/STM32F3xx/Include -I../Drivers/CMSIS/Include -O0 -ffunction-sections -fdata-sections -Wall -fstack-usage -fcyclomatic-complexity -MMD -MP -MF"Drivers/STM32F3xx_HAL_Driver/Src/stm32f3xx_hal_pwr_ex.d" -MT"Drivers/STM32F3xx_HAL_Driver/Src/stm32f3xx_hal_pwr_ex.o" --specs=nano.specs -mfpu=fpv4-sp-d16 -mfloat-abi=hard -mthumb -o "Drivers/STM32F3xx_HAL_Driver/Src/stm32f3xx_hal_pwr_ex.o"
arm-none-eabi-gcc "../Drivers/STM32F3xx_HAL_Driver/Src/stm32f3xx_hal_rcc.c" -mcpu=cortex-m4 -std=gnu11 -g3 -DDEBUG -DUSE_HAL_DRIVER -DSTM32F303xE -c -I../Core/Inc -I"C:/Users/Luigi/Documents/Github/efmi-pss-use-case/STM32Nucleo/IndividualPCs/Edge-Desktop/Test/Middleware/eFMI/models/PCode_SPE/inc" -I../Drivers/STM32F3xx_HAL_Driver/Inc -I../Drivers/STM32F3xx_HAL_Driver/Inc/Legacy -I../Drivers/CMSIS/Device/ST/STM32F3xx/Include -I../Drivers/CMSIS/Include -O0 -ffunction-sections -fdata-sections -Wall -fstack-usage -fcyclomatic-complexity -MMD -MP -MF"Drivers/STM32F3xx_HAL_Driver/Src/stm32f3xx_hal_rcc.d" -MT"Drivers/STM32F3xx_HAL_Driver/Src/stm32f3xx_hal_rcc.o" --specs=nano.specs -mfpu=fpv4-sp-d16 -mfloat-abi=hard -mthumb -o "Drivers/STM32F3xx_HAL_Driver/Src/stm32f3xx_hal_rcc.o"
arm-none-eabi-gcc "../Drivers/STM32F3xx_HAL_Driver/Src/stm32f3xx_hal_rcc_ex.c" -mcpu=cortex-m4 -std=gnu11 -g3 -DDEBUG -DUSE_HAL_DRIVER -DSTM32F303xE -c -I../Core/Inc -I"C:/Users/Luigi/Documents/Github/efmi-pss-use-case/STM32Nucleo/IndividualPCs/Edge-Desktop/Test/Middleware/eFMI/models/PCode_SPE/inc" -I../Drivers/STM32F3xx_HAL_Driver/Inc -I../Drivers/STM32F3xx_HAL_Driver/Inc/Legacy -I../Drivers/CMSIS/Device/ST/STM32F3xx/Include -I../Drivers/CMSIS/Include -O0 -ffunction-sections -fdata-sections -Wall -fstack-usage -fcyclomatic-complexity -MMD -MP -MF"Drivers/STM32F3xx_HAL_Driver/Src/stm32f3xx_hal_rcc_ex.d" -MT"Drivers/STM32F3xx_HAL_Driver/Src/stm32f3xx_hal_rcc_ex.o" --specs=nano.specs -mfpu=fpv4-sp-d16 -mfloat-abi=hard -mthumb -o "Drivers/STM32F3xx_HAL_Driver/Src/stm32f3xx_hal_rcc_ex.o"
arm-none-eabi-gcc "../Drivers/STM32F3xx_HAL_Driver/Src/stm32f3xx_hal_tim.c" -mcpu=cortex-m4 -std=gnu11 -g3 -DDEBUG -DUSE_HAL_DRIVER -DSTM32F303xE -c -I../Core/Inc -I"C:/Users/Luigi/Documents/Github/efmi-pss-use-case/STM32Nucleo/IndividualPCs/Edge-Desktop/Test/Middleware/eFMI/models/PCode_SPE/inc" -I../Drivers/STM32F3xx_HAL_Driver/Inc -I../Drivers/STM32F3xx_HAL_Driver/Inc/Legacy -I../Drivers/CMSIS/Device/ST/STM32F3xx/Include -I../Drivers/CMSIS/Include -O0 -ffunction-sections -fdata-sections -Wall -fstack-usage -fcyclomatic-complexity -MMD -MP -MF"Drivers/STM32F3xx_HAL_Driver/Src/stm32f3xx_hal_tim.d" -MT"Drivers/STM32F3xx_HAL_Driver/Src/stm32f3xx_hal_tim.o" --specs=nano.specs -mfpu=fpv4-sp-d16 -mfloat-abi=hard -mthumb -o "Drivers/STM32F3xx_HAL_Driver/Src/stm32f3xx_hal_tim.o"
arm-none-eabi-gcc "../Drivers/STM32F3xx_HAL_Driver/Src/stm32f3xx_hal_tim_ex.c" -mcpu=cortex-m4 -std=gnu11 -g3 -DDEBUG -DUSE_HAL_DRIVER -DSTM32F303xE -c -I../Core/Inc -I"C:/Users/Luigi/Documents/Github/efmi-pss-use-case/STM32Nucleo/IndividualPCs/Edge-Desktop/Test/Middleware/eFMI/models/PCode_SPE/inc" -I../Drivers/STM32F3xx_HAL_Driver/Inc -I../Drivers/STM32F3xx_HAL_Driver/Inc/Legacy -I../Drivers/CMSIS/Device/ST/STM32F3xx/Include -I../Drivers/CMSIS/Include -O0 -ffunction-sections -fdata-sections -Wall -fstack-usage -fcyclomatic-complexity -MMD -MP -MF"Drivers/STM32F3xx_HAL_Driver/Src/stm32f3xx_hal_tim_ex.d" -MT"Drivers/STM32F3xx_HAL_Driver/Src/stm32f3xx_hal_tim_ex.o" --specs=nano.specs -mfpu=fpv4-sp-d16 -mfloat-abi=hard -mthumb -o "Drivers/STM32F3xx_HAL_Driver/Src/stm32f3xx_hal_tim_ex.o"
arm-none-eabi-gcc "../Drivers/STM32F3xx_HAL_Driver/Src/stm32f3xx_hal_uart.c" -mcpu=cortex-m4 -std=gnu11 -g3 -DDEBUG -DUSE_HAL_DRIVER -DSTM32F303xE -c -I../Core/Inc -I"C:/Users/Luigi/Documents/Github/efmi-pss-use-case/STM32Nucleo/IndividualPCs/Edge-Desktop/Test/Middleware/eFMI/models/PCode_SPE/inc" -I../Drivers/STM32F3xx_HAL_Driver/Inc -I../Drivers/STM32F3xx_HAL_Driver/Inc/Legacy -I../Drivers/CMSIS/Device/ST/STM32F3xx/Include -I../Drivers/CMSIS/Include -O0 -ffunction-sections -fdata-sections -Wall -fstack-usage -fcyclomatic-complexity -MMD -MP -MF"Drivers/STM32F3xx_HAL_Driver/Src/stm32f3xx_hal_uart.d" -MT"Drivers/STM32F3xx_HAL_Driver/Src/stm32f3xx_hal_uart.o" --specs=nano.specs -mfpu=fpv4-sp-d16 -mfloat-abi=hard -mthumb -o "Drivers/STM32F3xx_HAL_Driver/Src/stm32f3xx_hal_uart.o"
arm-none-eabi-gcc "../Drivers/STM32F3xx_HAL_Driver/Src/stm32f3xx_hal_uart_ex.c" -mcpu=cortex-m4 -std=gnu11 -g3 -DDEBUG -DUSE_HAL_DRIVER -DSTM32F303xE -c -I../Core/Inc -I"C:/Users/Luigi/Documents/Github/efmi-pss-use-case/STM32Nucleo/IndividualPCs/Edge-Desktop/Test/Middleware/eFMI/models/PCode_SPE/inc" -I../Drivers/STM32F3xx_HAL_Driver/Inc -I../Drivers/STM32F3xx_HAL_Driver/Inc/Legacy -I../Drivers/CMSIS/Device/ST/STM32F3xx/Include -I../Drivers/CMSIS/Include -O0 -ffunction-sections -fdata-sections -Wall -fstack-usage -fcyclomatic-complexity -MMD -MP -MF"Drivers/STM32F3xx_HAL_Driver/Src/stm32f3xx_hal_uart_ex.d" -MT"Drivers/STM32F3xx_HAL_Driver/Src/stm32f3xx_hal_uart_ex.o" --specs=nano.specs -mfpu=fpv4-sp-d16 -mfloat-abi=hard -mthumb -o "Drivers/STM32F3xx_HAL_Driver/Src/stm32f3xx_hal_uart_ex.o"
arm-none-eabi-gcc -mcpu=cortex-m4 -g3 -DDEBUG -c -x assembler-with-cpp -MMD -MP -MF"Core/Startup/startup_stm32f303retx.d" -MT"Core/Startup/startup_stm32f303retx.o" --specs=nano.specs -mfpu=fpv4-sp-d16 -mfloat-abi=hard -mthumb -o "Core/Startup/startup_stm32f303retx.o" "../Core/Startup/startup_stm32f303retx.s"
arm-none-eabi-gcc "../Core/Src/efmi_app.c" -mcpu=cortex-m4 -std=gnu11 -g3 -DDEBUG -DUSE_HAL_DRIVER -DSTM32F303xE -c -I../Core/Inc -I"C:/Users/Luigi/Documents/Github/efmi-pss-use-case/STM32Nucleo/IndividualPCs/Edge-Desktop/Test/Middleware/eFMI/models/PCode_SPE/inc" -I../Drivers/STM32F3xx_HAL_Driver/Inc -I../Drivers/STM32F3xx_HAL_Driver/Inc/Legacy -I../Drivers/CMSIS/Device/ST/STM32F3xx/Include -I../Drivers/CMSIS/Include -O0 -ffunction-sections -fdata-sections -Wall -fstack-usage -fcyclomatic-complexity -MMD -MP -MF"Core/Src/efmi_app.d" -MT"Core/Src/efmi_app.o" --specs=nano.specs -mfpu=fpv4-sp-d16 -mfloat-abi=hard -mthumb -o "Core/Src/efmi_app.o"
arm-none-eabi-gcc "../Core/Src/main.c" -mcpu=cortex-m4 -std=gnu11 -g3 -DDEBUG -DUSE_HAL_DRIVER -DSTM32F303xE -c -I../Core/Inc -I"C:/Users/Luigi/Documents/Github/efmi-pss-use-case/STM32Nucleo/IndividualPCs/Edge-Desktop/Test/Middleware/eFMI/models/PCode_SPE/inc" -I../Drivers/STM32F3xx_HAL_Driver/Inc -I../Drivers/STM32F3xx_HAL_Driver/Inc/Legacy -I../Drivers/CMSIS/Device/ST/STM32F3xx/Include -I../Drivers/CMSIS/Include -O0 -ffunction-sections -fdata-sections -Wall -fstack-usage -fcyclomatic-complexity -MMD -MP -MF"Core/Src/main.d" -MT"Core/Src/main.o" --specs=nano.specs -mfpu=fpv4-sp-d16 -mfloat-abi=hard -mthumb -o "Core/Src/main.o"
arm-none-eabi-gcc "../Core/Src/stm32f3xx_hal_msp.c" -mcpu=cortex-m4 -std=gnu11 -g3 -DDEBUG -DUSE_HAL_DRIVER -DSTM32F303xE -c -I../Core/Inc -I"C:/Users/Luigi/Documents/Github/efmi-pss-use-case/STM32Nucleo/IndividualPCs/Edge-Desktop/Test/Middleware/eFMI/models/PCode_SPE/inc" -I../Drivers/STM32F3xx_HAL_Driver/Inc -I../Drivers/STM32F3xx_HAL_Driver/Inc/Legacy -I../Drivers/CMSIS/Device/ST/STM32F3xx/Include -I../Drivers/CMSIS/Include -O0 -ffunction-sections -fdata-sections -Wall -fstack-usage -fcyclomatic-complexity -MMD -MP -MF"Core/Src/stm32f3xx_hal_msp.d" -MT"Core/Src/stm32f3xx_hal_msp.o" --specs=nano.specs -mfpu=fpv4-sp-d16 -mfloat-abi=hard -mthumb -o "Core/Src/stm32f3xx_hal_msp.o"
arm-none-eabi-gcc "../Core/Src/stm32f3xx_it.c" -mcpu=cortex-m4 -std=gnu11 -g3 -DDEBUG -DUSE_HAL_DRIVER -DSTM32F303xE -c -I../Core/Inc -I"C:/Users/Luigi/Documents/Github/efmi-pss-use-case/STM32Nucleo/IndividualPCs/Edge-Desktop/Test/Middleware/eFMI/models/PCode_SPE/inc" -I../Drivers/STM32F3xx_HAL_Driver/Inc -I../Drivers/STM32F3xx_HAL_Driver/Inc/Legacy -I../Drivers/CMSIS/Device/ST/STM32F3xx/Include -I../Drivers/CMSIS/Include -O0 -ffunction-sections -fdata-sections -Wall -fstack-usage -fcyclomatic-complexity -MMD -MP -MF"Core/Src/stm32f3xx_it.d" -MT"Core/Src/stm32f3xx_it.o" --specs=nano.specs -mfpu=fpv4-sp-d16 -mfloat-abi=hard -mthumb -o "Core/Src/stm32f3xx_it.o"
arm-none-eabi-gcc "../Core/Src/syscalls.c" -mcpu=cortex-m4 -std=gnu11 -g3 -DDEBUG -DUSE_HAL_DRIVER -DSTM32F303xE -c -I../Core/Inc -I"C:/Users/Luigi/Documents/Github/efmi-pss-use-case/STM32Nucleo/IndividualPCs/Edge-Desktop/Test/Middleware/eFMI/models/PCode_SPE/inc" -I../Drivers/STM32F3xx_HAL_Driver/Inc -I../Drivers/STM32F3xx_HAL_Driver/Inc/Legacy -I../Drivers/CMSIS/Device/ST/STM32F3xx/Include -I../Drivers/CMSIS/Include -O0 -ffunction-sections -fdata-sections -Wall -fstack-usage -fcyclomatic-complexity -MMD -MP -MF"Core/Src/syscalls.d" -MT"Core/Src/syscalls.o" --specs=nano.specs -mfpu=fpv4-sp-d16 -mfloat-abi=hard -mthumb -o "Core/Src/syscalls.o"
arm-none-eabi-gcc "../Core/Src/sysmem.c" -mcpu=cortex-m4 -std=gnu11 -g3 -DDEBUG -DUSE_HAL_DRIVER -DSTM32F303xE -c -I../Core/Inc -I"C:/Users/Luigi/Documents/Github/efmi-pss-use-case/STM32Nucleo/IndividualPCs/Edge-Desktop/Test/Middleware/eFMI/models/PCode_SPE/inc" -I../Drivers/STM32F3xx_HAL_Driver/Inc -I../Drivers/STM32F3xx_HAL_Driver/Inc/Legacy -I../Drivers/CMSIS/Device/ST/STM32F3xx/Include -I../Drivers/CMSIS/Include -O0 -ffunction-sections -fdata-sections -Wall -fstack-usage -fcyclomatic-complexity -MMD -MP -MF"Core/Src/sysmem.d" -MT"Core/Src/sysmem.o" --specs=nano.specs -mfpu=fpv4-sp-d16 -mfloat-abi=hard -mthumb -o "Core/Src/sysmem.o"
arm-none-eabi-gcc "../Core/Src/system_stm32f3xx.c" -mcpu=cortex-m4 -std=gnu11 -g3 -DDEBUG -DUSE_HAL_DRIVER -DSTM32F303xE -c -I../Core/Inc -I"C:/Users/Luigi/Documents/Github/efmi-pss-use-case/STM32Nucleo/IndividualPCs/Edge-Desktop/Test/Middleware/eFMI/models/PCode_SPE/inc" -I../Drivers/STM32F3xx_HAL_Driver/Inc -I../Drivers/STM32F3xx_HAL_Driver/Inc/Legacy -I../Drivers/CMSIS/Device/ST/STM32F3xx/Include -I../Drivers/CMSIS/Include -O0 -ffunction-sections -fdata-sections -Wall -fstack-usage -fcyclomatic-complexity -MMD -MP -MF"Core/Src/system_stm32f3xx.d" -MT"Core/Src/system_stm32f3xx.o" --specs=nano.specs -mfpu=fpv4-sp-d16 -mfloat-abi=hard -mthumb -o "Core/Src/system_stm32f3xx.o"
../Middleware/eFMI/models/PCode_SPE/src/block.c: In function 'DoStep':
../Middleware/eFMI/models/PCode_SPE/src/block.c:848:10: warning: variable 'L1_p_ir' set but not used [-Wunused-but-set-variable]
  848 |     Real L1_p_ir;
      |          ^~~~~~~
../Middleware/eFMI/models/PCode_SPE/src/block.c:847:10: warning: variable 'L1_p_ii' set but not used [-Wunused-but-set-variable]
  847 |     Real L1_p_ii;
      |          ^~~~~~~
arm-none-eabi-gcc -o "Test.elf" @"objects.list"   -mcpu=cortex-m4 -T"C:\Users\Luigi\Documents\Github\efmi-pss-use-case\STM32Nucleo\IndividualPCs\Edge-Desktop\Test\STM32F303RETX_FLASH.ld" --specs=nosys.specs -Wl,-Map="Test.map" -Wl,--gc-sections -static --specs=nano.specs -mfpu=fpv4-sp-d16 -mfloat-abi=hard -mthumb -Wl,--start-group -lc -lm -Wl,--end-group
Finished building target: Test.elf
 
arm-none-eabi-size  Test.elf 
arm-none-eabi-objdump -h -S Test.elf  > "Test.list"
   text	   data	    bss	    dec	    hex	filename
  55428	    468	   2716	  58612	   e4f4	Test.elf
Finished building: default.size.stdout
 
Finished building: Test.list
 
17:28:31 **** Incremental Build of configuration Debug for project Test ****
make -j32 all 
arm-none-eabi-gcc "../Core/Src/main.c" -mcpu=cortex-m4 -std=gnu11 -g3 -DDEBUG -DUSE_HAL_DRIVER -DSTM32F303xE -c -I../Core/Inc -I"C:/Users/Luigi/Documents/Github/efmi-pss-use-case/STM32Nucleo/IndividualPCs/Edge-Desktop/Test/Middleware/eFMI/models/PCode_SPE/inc" -I../Drivers/STM32F3xx_HAL_Driver/Inc -I../Drivers/STM32F3xx_HAL_Driver/Inc/Legacy -I../Drivers/CMSIS/Device/ST/STM32F3xx/Include -I../Drivers/CMSIS/Include -O0 -ffunction-sections -fdata-sections -Wall -fstack-usage -fcyclomatic-complexity -MMD -MP -MF"Core/Src/main.d" -MT"Core/Src/main.o" --specs=nano.specs -mfpu=fpv4-sp-d16 -mfloat-abi=hard -mthumb -o "Core/Src/main.o"
../Core/Src/main.c:56:23: error: stray '\302' in program
   56 | int16_t print_interval<U+00A0>=<U+00A0>PRINT_INT; //print
      |                       ^~~~~~~~
../Core/Src/main.c:56:25: error: stray '\302' in program
   56 | int16_t print_interval<U+00A0>=<U+00A0>PRINT_INT; //print
      |                                ^~~~~~~~
../Core/Src/main.c:56:26: error: 'PRINT_INT' undeclared here (not in a function)
   56 | int16_t print_interval = PRINT_INT; //print
      |                          ^~~~~~~~~
../Core/Src/main.c: In function 'HAL_TIM_PeriodElapsedCallback':
../Core/Src/main.c:414:1: error: stray '\302' in program
  414 | <U+00A0><U+00A0>}
      | ^~~~~~~~
../Core/Src/main.c:414:2: error: stray '\302' in program
  414 | <U+00A0><U+00A0>}
      |         ^~~~~~~~
make: *** [Core/Src/subdir.mk:37: Core/Src/main.o] Error 1
"make -j32 all" terminated with exit code 2. Build might be incomplete.
17:29:03 **** Incremental Build of configuration Debug for project Test ****
make -j32 all 
arm-none-eabi-gcc "../Core/Src/main.c" -mcpu=cortex-m4 -std=gnu11 -g3 -DDEBUG -DUSE_HAL_DRIVER -DSTM32F303xE -c -I../Core/Inc -I"C:/Users/Luigi/Documents/Github/efmi-pss-use-case/STM32Nucleo/IndividualPCs/Edge-Desktop/Test/Middleware/eFMI/models/PCode_SPE/inc" -I../Drivers/STM32F3xx_HAL_Driver/Inc -I../Drivers/STM32F3xx_HAL_Driver/Inc/Legacy -I../Drivers/CMSIS/Device/ST/STM32F3xx/Include -I../Drivers/CMSIS/Include -O0 -ffunction-sections -fdata-sections -Wall -fstack-usage -fcyclomatic-complexity -MMD -MP -MF"Core/Src/main.d" -MT"Core/Src/main.o" --specs=nano.specs -mfpu=fpv4-sp-d16 -mfloat-abi=hard -mthumb -o "Core/Src/main.o"
../Core/Src/main.c: In function 'HAL_TIM_PeriodElapsedCallback':
../Core/Src/main.c:412:1: error: stray '\302' in program
  412 | <U+00A0><U+00A0>}
      | ^~~~~~~~
../Core/Src/main.c:412:2: error: stray '\302' in program
  412 | <U+00A0><U+00A0>}
      |         ^~~~~~~~
make: *** [Core/Src/subdir.mk:37: Core/Src/main.o] Error 1
"make -j32 all" terminated with exit code 2. Build might be incomplete.
17:30:00 **** Incremental Build of configuration Debug for project Test ****
make -j32 all 
arm-none-eabi-gcc "../Core/Src/main.c" -mcpu=cortex-m4 -std=gnu11 -g3 -DDEBUG -DUSE_HAL_DRIVER -DSTM32F303xE -c -I../Core/Inc -I"C:/Users/Luigi/Documents/Github/efmi-pss-use-case/STM32Nucleo/IndividualPCs/Edge-Desktop/Test/Middleware/eFMI/models/PCode_SPE/inc" -I../Drivers/STM32F3xx_HAL_Driver/Inc -I../Drivers/STM32F3xx_HAL_Driver/Inc/Legacy -I../Drivers/CMSIS/Device/ST/STM32F3xx/Include -I../Drivers/CMSIS/Include -O0 -ffunction-sections -fdata-sections -Wall -fstack-usage -fcyclomatic-complexity -MMD -MP -MF"Core/Src/main.d" -MT"Core/Src/main.o" --specs=nano.specs -mfpu=fpv4-sp-d16 -mfloat-abi=hard -mthumb -o "Core/Src/main.o"
../Core/Src/main.c: In function 'HAL_TIM_PeriodElapsedCallback':
../Core/Src/main.c:408:1: error: stray '\302' in program
  408 | <U+00A0><U+00A0>}
      | ^~~~~~~~
../Core/Src/main.c:408:2: error: stray '\302' in program
  408 | <U+00A0><U+00A0>}
      |         ^~~~~~~~
make: *** [Core/Src/subdir.mk:37: Core/Src/main.o] Error 1
"make -j32 all" terminated with exit code 2. Build might be incomplete.
17:30:54 **** Incremental Build of configuration Debug for project Test ****
make -j32 all 
arm-none-eabi-gcc "../Core/Src/main.c" -mcpu=cortex-m4 -std=gnu11 -g3 -DDEBUG -DUSE_HAL_DRIVER -DSTM32F303xE -c -I../Core/Inc -I"C:/Users/Luigi/Documents/Github/efmi-pss-use-case/STM32Nucleo/IndividualPCs/Edge-Desktop/Test/Middleware/eFMI/models/PCode_SPE/inc" -I../Drivers/STM32F3xx_HAL_Driver/Inc -I../Drivers/STM32F3xx_HAL_Driver/Inc/Legacy -I../Drivers/CMSIS/Device/ST/STM32F3xx/Include -I../Drivers/CMSIS/Include -O0 -ffunction-sections -fdata-sections -Wall -fstack-usage -fcyclomatic-complexity -MMD -MP -MF"Core/Src/main.d" -MT"Core/Src/main.o" --specs=nano.specs -mfpu=fpv4-sp-d16 -mfloat-abi=hard -mthumb -o "Core/Src/main.o"
../Core/Src/main.c: In function 'HAL_TIM_PeriodElapsedCallback':
../Core/Src/main.c:408:1: error: stray '\302' in program
  408 | <U+00A0><U+00A0>}
      | ^~~~~~~~
../Core/Src/main.c:408:2: error: stray '\302' in program
  408 | <U+00A0><U+00A0>}
      |         ^~~~~~~~
make: *** [Core/Src/subdir.mk:37: Core/Src/main.o] Error 1
"make -j32 all" terminated with exit code 2. Build might be incomplete.
17:31:10 **** Incremental Build of configuration Debug for project Test ****
make -j32 all 
arm-none-eabi-gcc "../Core/Src/main.c" -mcpu=cortex-m4 -std=gnu11 -g3 -DDEBUG -DUSE_HAL_DRIVER -DSTM32F303xE -c -I../Core/Inc -I"C:/Users/Luigi/Documents/Github/efmi-pss-use-case/STM32Nucleo/IndividualPCs/Edge-Desktop/Test/Middleware/eFMI/models/PCode_SPE/inc" -I../Drivers/STM32F3xx_HAL_Driver/Inc -I../Drivers/STM32F3xx_HAL_Driver/Inc/Legacy -I../Drivers/CMSIS/Device/ST/STM32F3xx/Include -I../Drivers/CMSIS/Include -O0 -ffunction-sections -fdata-sections -Wall -fstack-usage -fcyclomatic-complexity -MMD -MP -MF"Core/Src/main.d" -MT"Core/Src/main.o" --specs=nano.specs -mfpu=fpv4-sp-d16 -mfloat-abi=hard -mthumb -o "Core/Src/main.o"
arm-none-eabi-gcc -o "Test.elf" @"objects.list"   -mcpu=cortex-m4 -T"C:\Users\Luigi\Documents\Github\efmi-pss-use-case\STM32Nucleo\IndividualPCs\Edge-Desktop\Test\STM32F303RETX_FLASH.ld" --specs=nosys.specs -Wl,-Map="Test.map" -Wl,--gc-sections -static --specs=nano.specs -mfpu=fpv4-sp-d16 -mfloat-abi=hard -mthumb -Wl,--start-group -lc -lm -Wl,--end-group
Finished building target: Test.elf
 
arm-none-eabi-size  Test.elf 
arm-none-eabi-objdump -h -S Test.elf  > "Test.list"
   text	   data	    bss	    dec	    hex	filename
  80564	    468	   2760	  83792	  14750	Test.elf
Finished building: default.size.stdout
 
Finished building: Test.list
 
17:31:27 **** Incremental Build of configuration Debug for project Test ****
make -j32 all 
arm-none-eabi-gcc "../Core/Src/main.c" -mcpu=cortex-m4 -std=gnu11 -g3 -DDEBUG -DUSE_HAL_DRIVER -DSTM32F303xE -c -I../Core/Inc -I"C:/Users/Luigi/Documents/Github/efmi-pss-use-case/STM32Nucleo/IndividualPCs/Edge-Desktop/Test/Middleware/eFMI/models/PCode_SPE/inc" -I../Drivers/STM32F3xx_HAL_Driver/Inc -I../Drivers/STM32F3xx_HAL_Driver/Inc/Legacy -I../Drivers/CMSIS/Device/ST/STM32F3xx/Include -I../Drivers/CMSIS/Include -O0 -ffunction-sections -fdata-sections -Wall -fstack-usage -fcyclomatic-complexity -MMD -MP -MF"Core/Src/main.d" -MT"Core/Src/main.o" --specs=nano.specs -mfpu=fpv4-sp-d16 -mfloat-abi=hard -mthumb -o "Core/Src/main.o"
arm-none-eabi-gcc -o "Test.elf" @"objects.list"   -mcpu=cortex-m4 -T"C:\Users\Luigi\Documents\Github\efmi-pss-use-case\STM32Nucleo\IndividualPCs\Edge-Desktop\Test\STM32F303RETX_FLASH.ld" --specs=nosys.specs -Wl,-Map="Test.map" -Wl,--gc-sections -static --specs=nano.specs -mfpu=fpv4-sp-d16 -mfloat-abi=hard -mthumb -Wl,--start-group -lc -lm -Wl,--end-group
Finished building target: Test.elf
 
arm-none-eabi-size  Test.elf 
arm-none-eabi-objdump -h -S Test.elf  > "Test.list"
   text	   data	    bss	    dec	    hex	filename
  80564	    468	   2760	  83792	  14750	Test.elf
Finished building: default.size.stdout
 
Finished building: Test.list
 
17:32:00 **** Incremental Build of configuration Debug for project Test ****
make -j32 all 
arm-none-eabi-size  Test.elf 
   text	   data	    bss	    dec	    hex	filename
  80564	    468	   2760	  83792	  14750	Test.elf
Finished building: default.size.stdout
 
17:33:27 **** Incremental Build of configuration Debug for project Test ****
make -j32 all 
arm-none-eabi-size  Test.elf 
   text	   data	    bss	    dec	    hex	filename
  80564	    468	   2760	  83792	  14750	Test.elf
Finished building: default.size.stdout
 
17:36:53 **** Incremental Build of configuration Debug for project Test ****
make -j32 all 
arm-none-eabi-gcc "../Core/Src/main.c" -mcpu=cortex-m4 -std=gnu11 -g3 -DDEBUG -DUSE_HAL_DRIVER -DSTM32F303xE -c -I../Core/Inc -I"C:/Users/Luigi/Documents/Github/efmi-pss-use-case/STM32Nucleo/IndividualPCs/Edge-Desktop/Test/Middleware/eFMI/models/PCode_SPE/inc" -I../Drivers/STM32F3xx_HAL_Driver/Inc -I../Drivers/STM32F3xx_HAL_Driver/Inc/Legacy -I../Drivers/CMSIS/Device/ST/STM32F3xx/Include -I../Drivers/CMSIS/Include -O0 -ffunction-sections -fdata-sections -Wall -fstack-usage -fcyclomatic-complexity -MMD -MP -MF"Core/Src/main.d" -MT"Core/Src/main.o" --specs=nano.specs -mfpu=fpv4-sp-d16 -mfloat-abi=hard -mthumb -o "Core/Src/main.o"
arm-none-eabi-gcc -o "Test.elf" @"objects.list"   -mcpu=cortex-m4 -T"C:\Users\Luigi\Documents\Github\efmi-pss-use-case\STM32Nucleo\IndividualPCs\Edge-Desktop\Test\STM32F303RETX_FLASH.ld" --specs=nosys.specs -Wl,-Map="Test.map" -Wl,--gc-sections -static --specs=nano.specs -mfpu=fpv4-sp-d16 -mfloat-abi=hard -mthumb -Wl,--start-group -lc -lm -Wl,--end-group
Finished building target: Test.elf
 
arm-none-eabi-size  Test.elf 
arm-none-eabi-objdump -h -S Test.elf  > "Test.list"
   text	   data	    bss	    dec	    hex	filename
  80564	    468	   2760	  83792	  14750	Test.elf
Finished building: default.size.stdout
 
Finished building: Test.list
 
17:37:00 **** Incremental Build of configuration Debug for project Test ****
make -j32 all 
arm-none-eabi-size  Test.elf 
   text	   data	    bss	    dec	    hex	filename
  80564	    468	   2760	  83792	  14750	Test.elf
Finished building: default.size.stdout
 
17:57:31 **** Incremental Build of configuration Debug for project Test ****
make -j32 all 
arm-none-eabi-size  Test.elf 
   text	   data	    bss	    dec	    hex	filename
  80564	    468	   2760	  83792	  14750	Test.elf
Finished building: default.size.stdout
 
17:57:56 **** Incremental Build of configuration Debug for project Test ****
make -j32 all 
arm-none-eabi-size  Test.elf 
   text	   data	    bss	    dec	    hex	filename
  80564	    468	   2760	  83792	  14750	Test.elf
Finished building: default.size.stdout
 
