C:/Users/jpizz/Documents/eFMUDev/efmi-pss-use-case/Modelica/work/Grid4CHIL/eFMU/PCode_SPE_cb4a8a449b4ada864625ee5a4355578a3aaf08ed/sii_block_interface.c:29:6:sii_Startup_Hcbd8c48e05b139646178cc6f7987b8955b6ce985_cb4a8a449b4ada864625ee5a4355578a3aaf08ed	8	static
C:/Users/jpizz/Documents/eFMUDev/efmi-pss-use-case/Modelica/work/Grid4CHIL/eFMU/PCode_SPE_cb4a8a449b4ada864625ee5a4355578a3aaf08ed/sii_block_interface.c:35:6:sii_DoStep_Hcbd8c48e05b139646178cc6f7987b8955b6ce985_cb4a8a449b4ada864625ee5a4355578a3aaf08ed	8	static
C:/Users/jpizz/Documents/eFMUDev/efmi-pss-use-case/Modelica/work/Grid4CHIL/eFMU/PCode_SPE_cb4a8a449b4ada864625ee5a4355578a3aaf08ed/sii_block_interface.c:41:6:sii_Recalibrate_Hcbd8c48e05b139646178cc6f7987b8955b6ce985_cb4a8a449b4ada864625ee5a4355578a3aaf08ed	8	static
C:/Users/jpizz/Documents/eFMUDev/efmi-pss-use-case/Modelica/work/Grid4CHIL/eFMU/PCode_SPE_cb4a8a449b4ada864625ee5a4355578a3aaf08ed/sii_block_interface.c:47:6:sii_Reinitialize_Hcbd8c48e05b139646178cc6f7987b8955b6ce985_cb4a8a449b4ada864625ee5a4355578a3aaf08ed	8	static
