../Core/Src/main.c:80:5:main	8	static,ignoring_inline_asm
../Core/Src/main.c:138:6:SystemClock_Config	96	static
../Core/Src/main.c:188:13:MX_ADC1_Init	48	static
../Core/Src/main.c:255:13:MX_DAC1_Init	48	static
../Core/Src/main.c:298:13:MX_TIM1_Init	40	static
../Core/Src/main.c:345:13:MX_USART2_UART_Init	8	static
../Core/Src/main.c:380:13:MX_GPIO_Init	48	static
../Core/Src/main.c:419:6:HAL_TIM_PeriodElapsedCallback	24	static
../Core/Src/main.c:449:17:ADC1_ReadOnce	16	static
../Core/Src/main.c:458:14:ADC_CodeToVolts	16	static
../Core/Src/main.c:468:6:Error_Handler	4	static,ignoring_inline_asm
